This is pdfTeX, Version 3.141592653-2.6-1.40.24 (TeX Live 2022/Debian) (preloaded format=pdflatex 2026.3.3)  4 MAR 2026 09:17
entering extended mode
 restricted \write18 enabled.
 %&-line parsing enabled.
**quiz.tex
(./quiz.tex
LaTeX2e <2022-11-01> patch level 1
L3 programming layer <2023-01-16>
(/usr/share/texlive/texmf-dist/tex/latex/base/article.cls
Document Class: article 2022/07/02 v1.4n Standard LaTeX document class
(/usr/share/texlive/texmf-dist/tex/latex/base/size11.clo
File: size11.clo 2022/07/02 v1.4n Standard LaTeX file (size option)
)
\c@part=\count185
\c@section=\count186
\c@subsection=\count187
\c@subsubsection=\count188
\c@paragraph=\count189
\c@subparagraph=\count190
\c@figure=\count191
\c@table=\count192
\abovecaptionskip=\skip48
\belowcaptionskip=\skip49
\bibindent=\dimen140
)
(/usr/share/texlive/texmf-dist/tex/latex/geometry/geometry.sty
Package: geometry 2020/01/02 v5.9 Page Geometry

(/usr/share/texlive/texmf-dist/tex/latex/graphics/keyval.sty
Package: keyval 2022/05/29 v1.15 key=value parser (DPC)
\KV@toks@=\toks16
)
(/usr/share/texlive/texmf-dist/tex/generic/iftex/ifvtex.sty
Package: ifvtex 2019/10/25 v1.7 ifvtex legacy package. Use iftex instead.

(/usr/share/texlive/texmf-dist/tex/generic/iftex/iftex.sty
Package: iftex 2022/02/03 v1.0f TeX engine tests
))
\Gm@cnth=\count193
\Gm@cntv=\count194
\c@Gm@tempcnt=\count195
\Gm@bindingoffset=\dimen141
\Gm@wd@mp=\dimen142
\Gm@odd@mp=\dimen143
\Gm@even@mp=\dimen144
\Gm@layoutwidth=\dimen145
\Gm@layoutheight=\dimen146
\Gm@layouthoffset=\dimen147
\Gm@layoutvoffset=\dimen148
\Gm@dimlist=\toks17
)
(/usr/share/texlive/texmf-dist/tex/latex/base/fontenc.sty
Package: fontenc 2021/04/29 v2.0v Standard LaTeX package

(/usr/share/texlive/texmf-dist/tex/latex/cyrillic/t2aenc.def
File: t2aenc.def 2022/06/11 v1.0j Cyrillic encoding definition file
Now handling font encoding T2A ...
... processing UTF-8 mapping file for font encoding T2A

(/usr/share/texlive/texmf-dist/tex/latex/base/t2aenc.dfu
File: t2aenc.dfu 2022/06/07 v1.3c UTF-8 support
   defining Unicode char U+00A4 (decimal 164)
   defining Unicode char U+00A7 (decimal 167)
   defining Unicode char U+00AB (decimal 171)
   defining Unicode char U+00BB (decimal 187)
   defining Unicode char U+0131 (decimal 305)
   defining Unicode char U+0237 (decimal 567)
   defining Unicode char U+0400 (decimal 1024)
   defining Unicode char U+0401 (decimal 1025)
   defining Unicode char U+0402 (decimal 1026)
   defining Unicode char U+0403 (decimal 1027)
   defining Unicode char U+0404 (decimal 1028)
   defining Unicode char U+0405 (decimal 1029)
   defining Unicode char U+0406 (decimal 1030)
   defining Unicode char U+0407 (decimal 1031)
   defining Unicode char U+0408 (decimal 1032)
   defining Unicode char U+0409 (decimal 1033)
   defining Unicode char U+040A (decimal 1034)
   defining Unicode char U+040B (decimal 1035)
   defining Unicode char U+040C (decimal 1036)
   defining Unicode char U+040D (decimal 1037)
   defining Unicode char U+040E (decimal 1038)
   defining Unicode char U+040F (decimal 1039)
   defining Unicode char U+0410 (decimal 1040)
   defining Unicode char U+0411 (decimal 1041)
   defining Unicode char U+0412 (decimal 1042)
   defining Unicode char U+0413 (decimal 1043)
   defining Unicode char U+0414 (decimal 1044)
   defining Unicode char U+0415 (decimal 1045)
   defining Unicode char U+0416 (decimal 1046)
   defining Unicode char U+0417 (decimal 1047)
   defining Unicode char U+0418 (decimal 1048)
   defining Unicode char U+0419 (decimal 1049)
   defining Unicode char U+041A (decimal 1050)
   defining Unicode char U+041B (decimal 1051)
   defining Unicode char U+041C (decimal 1052)
   defining Unicode char U+041D (decimal 1053)
   defining Unicode char U+041E (decimal 1054)
   defining Unicode char U+041F (decimal 1055)
   defining Unicode char U+0420 (decimal 1056)
   defining Unicode char U+0421 (decimal 1057)
   defining Unicode char U+0422 (decimal 1058)
   defining Unicode char U+0423 (decimal 1059)
   defining Unicode char U+0424 (decimal 1060)
   defining Unicode char U+0425 (decimal 1061)
   defining Unicode char U+0426 (decimal 1062)
   defining Unicode char U+0427 (decimal 1063)
   defining Unicode char U+0428 (decimal 1064)
   defining Unicode char U+0429 (decimal 1065)
   defining Unicode char U+042A (decimal 1066)
   defining Unicode char U+042B (decimal 1067)
   defining Unicode char U+042C (decimal 1068)
   defining Unicode char U+042D (decimal 1069)
   defining Unicode char U+042E (decimal 1070)
   defining Unicode char U+042F (decimal 1071)
   defining Unicode char U+0430 (decimal 1072)
   defining Unicode char U+0431 (decimal 1073)
   defining Unicode char U+0432 (decimal 1074)
   defining Unicode char U+0433 (decimal 1075)
   defining Unicode char U+0434 (decimal 1076)
   defining Unicode char U+0435 (decimal 1077)
   defining Unicode char U+0436 (decimal 1078)
   defining Unicode char U+0437 (decimal 1079)
   defining Unicode char U+0438 (decimal 1080)
   defining Unicode char U+0439 (decimal 1081)
   defining Unicode char U+043A (decimal 1082)
   defining Unicode char U+043B (decimal 1083)
   defining Unicode char U+043C (decimal 1084)
   defining Unicode char U+043D (decimal 1085)
   defining Unicode char U+043E (decimal 1086)
   defining Unicode char U+043F (decimal 1087)
   defining Unicode char U+0440 (decimal 1088)
   defining Unicode char U+0441 (decimal 1089)
   defining Unicode char U+0442 (decimal 1090)
   defining Unicode char U+0443 (decimal 1091)
   defining Unicode char U+0444 (decimal 1092)
   defining Unicode char U+0445 (decimal 1093)
   defining Unicode char U+0446 (decimal 1094)
   defining Unicode char U+0447 (decimal 1095)
   defining Unicode char U+0448 (decimal 1096)
   defining Unicode char U+0449 (decimal 1097)
   defining Unicode char U+044A (decimal 1098)
   defining Unicode char U+044B (decimal 1099)
   defining Unicode char U+044C (decimal 1100)
   defining Unicode char U+044D (decimal 1101)
   defining Unicode char U+044E (decimal 1102)
   defining Unicode char U+044F (decimal 1103)
   defining Unicode char U+0450 (decimal 1104)
   defining Unicode char U+0451 (decimal 1105)
   defining Unicode char U+0452 (decimal 1106)
   defining Unicode char U+0453 (decimal 1107)
   defining Unicode char U+0454 (decimal 1108)
   defining Unicode char U+0455 (decimal 1109)
   defining Unicode char U+0456 (decimal 1110)
   defining Unicode char U+0457 (decimal 1111)
   defining Unicode char U+0458 (decimal 1112)
   defining Unicode char U+0459 (decimal 1113)
   defining Unicode char U+045A (decimal 1114)
   defining Unicode char U+045B (decimal 1115)
   defining Unicode char U+045C (decimal 1116)
   defining Unicode char U+045D (decimal 1117)
   defining Unicode char U+045E (decimal 1118)
   defining Unicode char U+045F (decimal 1119)
   defining Unicode char U+0490 (decimal 1168)
   defining Unicode char U+0491 (decimal 1169)
   defining Unicode char U+0492 (decimal 1170)
   defining Unicode char U+0493 (decimal 1171)
   defining Unicode char U+0496 (decimal 1174)
   defining Unicode char U+0497 (decimal 1175)
   defining Unicode char U+0498 (decimal 1176)
   defining Unicode char U+0499 (decimal 1177)
   defining Unicode char U+049A (decimal 1178)
   defining Unicode char U+049B (decimal 1179)
   defining Unicode char U+049C (decimal 1180)
   defining Unicode char U+049D (decimal 1181)
   defining Unicode char U+04A0 (decimal 1184)
   defining Unicode char U+04A1 (decimal 1185)
   defining Unicode char U+04A2 (decimal 1186)
   defining Unicode char U+04A3 (decimal 1187)
   defining Unicode char U+04A4 (decimal 1188)
   defining Unicode char U+04A5 (decimal 1189)
   defining Unicode char U+04AA (decimal 1194)
   defining Unicode char U+04AB (decimal 1195)
   defining Unicode char U+04AE (decimal 1198)
   defining Unicode char U+04AF (decimal 1199)
   defining Unicode char U+04B0 (decimal 1200)
   defining Unicode char U+04B1 (decimal 1201)
   defining Unicode char U+04B2 (decimal 1202)
   defining Unicode char U+04B3 (decimal 1203)
   defining Unicode char U+04B6 (decimal 1206)
   defining Unicode char U+04B7 (decimal 1207)
   defining Unicode char U+04B8 (decimal 1208)
   defining Unicode char U+04B9 (decimal 1209)
   defining Unicode char U+04BA (decimal 1210)
   defining Unicode char U+04BB (decimal 1211)
   defining Unicode char U+04C0 (decimal 1216)
   defining Unicode char U+04C1 (decimal 1217)
   defining Unicode char U+04C2 (decimal 1218)
   defining Unicode char U+04D0 (decimal 1232)
   defining Unicode char U+04D1 (decimal 1233)
   defining Unicode char U+04D2 (decimal 1234)
   defining Unicode char U+04D3 (decimal 1235)
   defining Unicode char U+04D4 (decimal 1236)
   defining Unicode char U+04D5 (decimal 1237)
   defining Unicode char U+04D6 (decimal 1238)
   defining Unicode char U+04D7 (decimal 1239)
   defining Unicode char U+04D8 (decimal 1240)
   defining Unicode char U+04D9 (decimal 1241)
   defining Unicode char U+04DA (decimal 1242)
   defining Unicode char U+04DB (decimal 1243)
   defining Unicode char U+04DC (decimal 1244)
   defining Unicode char U+04DD (decimal 1245)
   defining Unicode char U+04DE (decimal 1246)
   defining Unicode char U+04DF (decimal 1247)
   defining Unicode char U+04E2 (decimal 1250)
   defining Unicode char U+04E3 (decimal 1251)
   defining Unicode char U+04E4 (decimal 1252)
   defining Unicode char U+04E5 (decimal 1253)
   defining Unicode char U+04E6 (decimal 1254)
   defining Unicode char U+04E7 (decimal 1255)
   defining Unicode char U+04E8 (decimal 1256)
   defining Unicode char U+04E9 (decimal 1257)
   defining Unicode char U+04EC (decimal 1260)
   defining Unicode char U+04ED (decimal 1261)
   defining Unicode char U+04EE (decimal 1262)
   defining Unicode char U+04EF (decimal 1263)
   defining Unicode char U+04F0 (decimal 1264)
   defining Unicode char U+04F1 (decimal 1265)
   defining Unicode char U+04F2 (decimal 1266)
   defining Unicode char U+04F3 (decimal 1267)
   defining Unicode char U+04F4 (decimal 1268)
   defining Unicode char U+04F5 (decimal 1269)
   defining Unicode char U+04F8 (decimal 1272)
   defining Unicode char U+04F9 (decimal 1273)
   defining Unicode char U+200C (decimal 8204)
   defining Unicode char U+2013 (decimal 8211)
   defining Unicode char U+2014 (decimal 8212)
   defining Unicode char U+2018 (decimal 8216)
   defining Unicode char U+2019 (decimal 8217)
   defining Unicode char U+201C (decimal 8220)
   defining Unicode char U+201D (decimal 8221)
   defining Unicode char U+201E (decimal 8222)
   defining Unicode char U+2030 (decimal 8240)
   defining Unicode char U+2031 (decimal 8241)
   defining Unicode char U+2116 (decimal 8470)
   defining Unicode char U+2329 (decimal 9001)
   defining Unicode char U+3008 (decimal 12296)
   defining Unicode char U+232A (decimal 9002)
   defining Unicode char U+3009 (decimal 12297)
   defining Unicode char U+2423 (decimal 9251)
   defining Unicode char U+27E8 (decimal 10216)
   defining Unicode char U+27E9 (decimal 10217)
   defining Unicode char U+FB00 (decimal 64256)
   defining Unicode char U+FB01 (decimal 64257)
   defining Unicode char U+FB02 (decimal 64258)
   defining Unicode char U+FB03 (decimal 64259)
   defining Unicode char U+FB04 (decimal 64260)
   defining Unicode char U+FB05 (decimal 64261)
   defining Unicode char U+FB06 (decimal 64262)
))
LaTeX Font Info:    Trying to load font information for T2A+cmr on input line 1
12.

(/usr/share/texlive/texmf-dist/tex/latex/cyrillic/t2acmr.fd
File: t2acmr.fd 2001/08/11 v1.0a Computer Modern Cyrillic font definitions
))
(/usr/share/texlive/texmf-dist/tex/latex/base/inputenc.sty
Package: inputenc 2021/02/14 v1.3d Input encoding file
\inpenc@prehook=\toks18
\inpenc@posthook=\toks19
)
(/usr/share/texlive/texmf-dist/tex/generic/babel/babel.sty
Package: babel 2022/12/26 3.84 The Babel package
\babel@savecnt=\count196
\U@D=\dimen149
\l@unhyphenated=\language12

(/usr/share/texlive/texmf-dist/tex/generic/babel/txtbabel.def)
\bbl@readstream=\read2
\bbl@dirlevel=\count197

(/usr/share/texlive/texmf-dist/tex/generic/babel-ukrainian/ukraineb.ldf
File: ukraineb.ldf 2020/10/14 1.4e Ukrainian support for the Babel system
Package babel Info: Making " an active character on input line 97.
Package babel Info: Default for \cyrdash is provided on input line 142.
))
(/usr/share/texlive/texmf-dist/tex/generic/babel/locale/uk/babel-ukrainian.tex
Package babel Info: Importing font and identification data for ukrainian
(babel)             from babel-uk.ini. Reported on input line 11.
) (/usr/share/texlive/texmf-dist/tex/latex/graphics/graphicx.sty
Package: graphicx 2021/09/16 v1.2d Enhanced LaTeX Graphics (DPC,SPQR)

(/usr/share/texlive/texmf-dist/tex/latex/graphics/graphics.sty
Package: graphics 2022/03/10 v1.4e Standard LaTeX Graphics (DPC,SPQR)

(/usr/share/texlive/texmf-dist/tex/latex/graphics/trig.sty
Package: trig 2021/08/11 v1.11 sin cos tan (DPC)
)
(/usr/share/texlive/texmf-dist/tex/latex/graphics-cfg/graphics.cfg
File: graphics.cfg 2016/06/04 v1.11 sample graphics configuration
)
Package graphics Info: Driver file: pdftex.def on input line 107.

(/usr/share/texlive/texmf-dist/tex/latex/graphics-def/pdftex.def
File: pdftex.def 2022/09/22 v1.2b Graphics/color driver for pdftex
))
\Gin@req@height=\dimen150
\Gin@req@width=\dimen151
)
(/usr/share/texlive/texmf-dist/tex/latex/l3backend/l3backend-pdftex.def
File: l3backend-pdftex.def 2023-01-16 L3 backend support: PDF output (pdfTeX)
\l__color_backend_stack_int=\count198
\l__pdf_internal_box=\box51
)
No file quiz.aux.
\openout1 = `quiz.aux'.

LaTeX Font Info:    Checking defaults for OML/cmm/m/it on input line 10.
LaTeX Font Info:    ... okay on input line 10.
LaTeX Font Info:    Checking defaults for OMS/cmsy/m/n on input line 10.
LaTeX Font Info:    ... okay on input line 10.
LaTeX Font Info:    Checking defaults for OT1/cmr/m/n on input line 10.
LaTeX Font Info:    ... okay on input line 10.
LaTeX Font Info:    Checking defaults for T1/cmr/m/n on input line 10.
LaTeX Font Info:    ... okay on input line 10.
LaTeX Font Info:    Checking defaults for TS1/cmr/m/n on input line 10.
LaTeX Font Info:    ... okay on input line 10.
LaTeX Font Info:    Checking defaults for OMX/cmex/m/n on input line 10.
LaTeX Font Info:    ... okay on input line 10.
LaTeX Font Info:    Checking defaults for U/cmr/m/n on input line 10.
LaTeX Font Info:    ... okay on input line 10.
LaTeX Font Info:    Checking defaults for T2A/cmr/m/n on input line 10.
LaTeX Font Info:    ... okay on input line 10.
*geometry* driver: auto-detecting
*geometry* detected driver: pdftex
*geometry* verbose mode - [ preamble ] result:
* driver: pdftex
* paper: a4paper
* layout: <same size as paper>
* layoutoffset:(h,v)=(0.0pt,0.0pt)
* modes: 
* h-part:(L,W,R)=(56.9055pt, 483.69687pt, 56.9055pt)
* v-part:(T,H,B)=(51.21495pt, 742.61694pt, 51.21495pt)
* \paperwidth=597.50787pt
* \paperheight=845.04684pt
* \textwidth=483.69687pt
* \textheight=742.61694pt
* \oddsidemargin=-15.36449pt
* \evensidemargin=-15.36449pt
* \topmargin=-58.05504pt
* \headheight=12.0pt
* \headsep=25.0pt
* \topskip=11.0pt
* \footskip=30.0pt
* \marginparwidth=59.0pt
* \marginparsep=10.0pt
* \columnsep=10.0pt
* \skip\footins=10.0pt plus 4.0pt minus 2.0pt
* \hoffset=0.0pt
* \voffset=0.0pt
* \mag=1000
* \@twocolumnfalse
* \@twosidefalse
* \@mparswitchfalse
* \@reversemarginfalse
* (1in=72.27pt=25.4mm, 1cm=28.453pt)

LaTeX Info: Redefining \th on input line 10.
(/usr/share/texlive/texmf-dist/tex/context/base/mkii/supp-pdf.mkii
[Loading MPS to PDF converter (version 2006.09.02).]
\scratchcounter=\count199
\scratchdimen=\dimen152
\scratchbox=\box52
\nofMPsegments=\count266
\nofMParguments=\count267
\everyMPshowfont=\toks20
\MPscratchCnt=\count268
\MPscratchDim=\dimen153
\MPnumerator=\count269
\makeMPintoPDFobject=\count270
\everyMPtoPDFconversion=\toks21
) (/usr/share/texlive/texmf-dist/tex/latex/epstopdf-pkg/epstopdf-base.sty
Package: epstopdf-base 2020-01-24 v2.11 Base part for package epstopdf
Package epstopdf-base Info: Redefining graphics rule for `.eps' on input line 4
85.

(/usr/share/texlive/texmf-dist/tex/latex/latexconfig/epstopdf-sys.cfg
File: epstopdf-sys.cfg 2010/07/13 v1.3 Configuration of (r)epstopdf for TeX Liv
e
))
LaTeX Font Info:    External font `cmex10' loaded for size
(Font)              <10.95> on input line 14.
LaTeX Font Info:    External font `cmex10' loaded for size
(Font)              <8> on input line 14.
LaTeX Font Info:    External font `cmex10' loaded for size
(Font)              <6> on input line 14.


! LaTeX Error: Unicode character пїЅ (U+FFFD)
               not set up for use with LaTeX.

See the LaTeX manual or LaTeX Companion for explanation.
Type  H <return>  for immediate help.
 ...                                              
                                                  
l.50 пїЅ
        пїЅпїЅпїЅпїЅпїЅ пїЅпїЅпїЅпїЅпїЅпїЅпїЅ пїЅпїЅпїЅпїЅпїЅпїЅпїЅпїЅ пїЅпї...

You may provide a definition with
\DeclareUnicodeCharacter 


! LaTeX Error: Unicode character пїЅ (U+FFFD)
               not set up for use with LaTeX.

See the LaTeX manual or LaTeX Companion for explanation.
Type  H <return>  for immediate help.
 ...                                              
                                                  
l.50 пїЅпїЅ
           пїЅпїЅпїЅпїЅ пїЅпїЅпїЅпїЅпїЅпїЅпїЅ пїЅпїЅпїЅпїЅпїЅпїЅпїЅпїЅ пїЅпї...

You may provide a definition with
\DeclareUnicodeCharacter 


! LaTeX Error: Unicode character пїЅ (U+FFFD)
               not set up for use with LaTeX.

See the LaTeX manual or LaTeX Companion for explanation.
Type  H <return>  for immediate help.
 ...                                              
                                                  
l.50 пїЅпїЅпїЅ
              пїЅпїЅпїЅ пїЅпїЅпїЅпїЅпїЅпїЅпїЅ пїЅпїЅпїЅпїЅпїЅпїЅпїЅпїЅ пїЅпї...

You may provide a definition with
\DeclareUnicodeCharacter 


! LaTeX Error: Unicode character пїЅ (U+FFFD)
               not set up for use with LaTeX.

See the LaTeX manual or LaTeX Companion for explanation.
Type  H <return>  for immediate help.
 ...                                              
                                                  
l.50 пїЅпїЅпїЅпїЅ
                 пїЅпїЅ пїЅпїЅпїЅпїЅпїЅпїЅпїЅ пїЅпїЅпїЅпїЅпїЅпїЅпїЅпїЅ пїЅпї...

You may provide a definition with
\DeclareUnicodeCharacter 


! LaTeX Error: Unicode character пїЅ (U+FFFD)
               not set up for use with LaTeX.

See the LaTeX manual or LaTeX Companion for explanation.
Type  H <return>  for immediate help.
 ...                                              
                                                  
l.50 пїЅпїЅпїЅпїЅпїЅ
                    пїЅ пїЅпїЅпїЅпїЅпїЅпїЅпїЅ пїЅпїЅпїЅпїЅпїЅпїЅпїЅпїЅ пїЅпї...

You may provide a definition with
\DeclareUnicodeCharacter 


! LaTeX Error: Unicode character пїЅ (U+FFFD)
               not set up for use with LaTeX.

See the LaTeX manual or LaTeX Companion for explanation.
Type  H <return>  for immediate help.
 ...                                              
                                                  
l.50 пїЅпїЅпїЅпїЅпїЅпїЅ
                        пїЅпїЅпїЅпїЅпїЅпїЅпїЅ пїЅпїЅпїЅпїЅпїЅпїЅпїЅпїЅ пїЅпї...

You may provide a definition with
\DeclareUnicodeCharacter 


! LaTeX Error: Unicode character пїЅ (U+FFFD)
               not set up for use with LaTeX.

See the LaTeX manual or LaTeX Companion for explanation.
Type  H <return>  for immediate help.
 ...                                              
                                                  
l.50 пїЅпїЅпїЅпїЅпїЅпїЅ пїЅ
                           пїЅпїЅпїЅпїЅпїЅпїЅ пїЅпїЅпїЅпїЅпїЅпїЅпїЅпїЅ пїЅпї...

You may provide a definition with
\DeclareUnicodeCharacter 


! LaTeX Error: Unicode character пїЅ (U+FFFD)
               not set up for use with LaTeX.

See the LaTeX manual or LaTeX Companion for explanation.
Type  H <return>  for immediate help.
 ...                                              
                                                  
l.50 пїЅпїЅпїЅпїЅпїЅпїЅ пїЅпїЅ
                              пїЅпїЅпїЅпїЅпїЅ пїЅпїЅпїЅпїЅпїЅпїЅпїЅпїЅ пїЅпї...

You may provide a definition with
\DeclareUnicodeCharacter 


! LaTeX Error: Unicode character пїЅ (U+FFFD)
               not set up for use with LaTeX.

See the LaTeX manual or LaTeX Companion for explanation.
Type  H <return>  for immediate help.
 ...                                              
                                                  
l.50 пїЅпїЅпїЅпїЅпїЅпїЅ пїЅпїЅпїЅ
                                 пїЅпїЅпїЅпїЅ пїЅпїЅпїЅпїЅпїЅпїЅпїЅпїЅ пїЅпї...

You may provide a definition with
\DeclareUnicodeCharacter 


! LaTeX Error: Unicode character пїЅ (U+FFFD)
               not set up for use with LaTeX.

See the LaTeX manual or LaTeX Companion for explanation.
Type  H <return>  for immediate help.
 ...                                              
                                                  
l.50 пїЅпїЅпїЅпїЅпїЅпїЅ пїЅпїЅпїЅпїЅ
                                    пїЅпїЅпїЅ пїЅпїЅпїЅпїЅпїЅпїЅпїЅпїЅ пїЅпї...

You may provide a definition with
\DeclareUnicodeCharacter 


! LaTeX Error: Unicode character пїЅ (U+FFFD)
               not set up for use with LaTeX.

See the LaTeX manual or LaTeX Companion for explanation.
Type  H <return>  for immediate help.
 ...                                              
                                                  
l.50 пїЅпїЅпїЅпїЅпїЅпїЅ пїЅпїЅпїЅпїЅпїЅ
                                       пїЅпїЅ пїЅпїЅпїЅпїЅпїЅпїЅпїЅпїЅ пїЅпї...

You may provide a definition with
\DeclareUnicodeCharacter 


! LaTeX Error: Unicode character пїЅ (U+FFFD)
               not set up for use with LaTeX.

See the LaTeX manual or LaTeX Companion for explanation.
Type  H <return>  for immediate help.
 ...                                              
                                                  
l.50 пїЅпїЅпїЅпїЅпїЅпїЅ пїЅпїЅпїЅпїЅпїЅпїЅ
                                          пїЅ пїЅпїЅпїЅпїЅпїЅпїЅпїЅпїЅ пїЅпї...

You may provide a definition with
\DeclareUnicodeCharacter 


! LaTeX Error: Unicode character пїЅ (U+FFFD)
               not set up for use with LaTeX.

See the LaTeX manual or LaTeX Companion for explanation.
Type  H <return>  for immediate help.
 ...                                              
                                                  
l.50 пїЅпїЅпїЅпїЅпїЅпїЅ пїЅпїЅпїЅпїЅпїЅпїЅпїЅ
                                              пїЅпїЅпїЅпїЅпїЅпїЅпїЅпїЅ пїЅпї...

You may provide a definition with
\DeclareUnicodeCharacter 


! LaTeX Error: Unicode character пїЅ (U+FFFD)
               not set up for use with LaTeX.

See the LaTeX manual or LaTeX Companion for explanation.
Type  H <return>  for immediate help.
 ...                                              
                                                  
l.50 пїЅпїЅпїЅпїЅпїЅпїЅ пїЅпїЅпїЅпїЅпїЅпїЅпїЅ пїЅ
                                                 пїЅпїЅпїЅпїЅпїЅпїЅпїЅ пїЅпї...

You may provide a definition with
\DeclareUnicodeCharacter 


! LaTeX Error: Unicode character пїЅ (U+FFFD)
               not set up for use with LaTeX.

See the LaTeX manual or LaTeX Companion for explanation.
Type  H <return>  for immediate help.
 ...                                              
                                                  
l.50 ...ЅпїЅпїЅпїЅпїЅ пїЅпїЅпїЅпїЅпїЅпїЅпїЅ пїЅпїЅ
                                                  пїЅпїЅпїЅпїЅпїЅпїЅ пїЅпїЅ ...

You may provide a definition with
\DeclareUnicodeCharacter 


! LaTeX Error: Unicode character пїЅ (U+FFFD)
               not set up for use with LaTeX.

See the LaTeX manual or LaTeX Companion for explanation.
Type  H <return>  for immediate help.
 ...                                              
                                                  
l.50 ...ЅпїЅпїЅпїЅ пїЅпїЅпїЅпїЅпїЅпїЅпїЅ пїЅпїЅпїЅ
                                                  пїЅпїЅпїЅпїЅпїЅ пїЅпїЅ n-п...

You may provide a definition with
\DeclareUnicodeCharacter 


! LaTeX Error: Unicode character пїЅ (U+FFFD)
               not set up for use with LaTeX.

See the LaTeX manual or LaTeX Companion for explanation.
Type  H <return>  for immediate help.
 ...                                              
                                                  
l.50 ...ЅпїЅпїЅ пїЅпїЅпїЅпїЅпїЅпїЅпїЅ пїЅпїЅпїЅпїЅ
                                                  пїЅпїЅпїЅпїЅ пїЅпїЅ n-пїЅп...

You may provide a definition with
\DeclareUnicodeCharacter 


! LaTeX Error: Unicode character пїЅ (U+FFFD)
               not set up for use with LaTeX.

See the LaTeX manual or LaTeX Companion for explanation.
Type  H <return>  for immediate help.
 ...                                              
                                                  
l.50 ...ЅпїЅ пїЅпїЅпїЅпїЅпїЅпїЅпїЅ пїЅпїЅпїЅпїЅпїЅ
                                                  пїЅпїЅпїЅ пїЅпїЅ n-пїЅпїЅп...

You may provide a definition with
\DeclareUnicodeCharacter 


! LaTeX Error: Unicode character пїЅ (U+FFFD)
               not set up for use with LaTeX.

See the LaTeX manual or LaTeX Companion for explanation.
Type  H <return>  for immediate help.
 ...                                              
                                                  
l.50 ...Ѕ пїЅпїЅпїЅпїЅпїЅпїЅпїЅ пїЅпїЅпїЅпїЅпїЅпїЅ
                                                  пїЅпїЅ пїЅпїЅ n-пїЅпїЅпїЅп...

You may provide a definition with
\DeclareUnicodeCharacter 


! LaTeX Error: Unicode character пїЅ (U+FFFD)
               not set up for use with LaTeX.

See the LaTeX manual or LaTeX Companion for explanation.
Type  H <return>  for immediate help.
 ...                                              
                                                  
l.50 ...їЅпїЅпїЅпїЅпїЅпїЅпїЅ пїЅпїЅпїЅпїЅпїЅпїЅпїЅ
                                                  пїЅ пїЅпїЅ n-пїЅпїЅпїЅпїЅп...

You may provide a definition with
\DeclareUnicodeCharacter 


! LaTeX Error: Unicode character пїЅ (U+FFFD)
               not set up for use with LaTeX.

See the LaTeX manual or LaTeX Companion for explanation.
Type  H <return>  for immediate help.
 ...                                              
                                                  
l.50 ...їЅпїЅпїЅпїЅпїЅпїЅ пїЅпїЅпїЅпїЅпїЅпїЅпїЅпїЅ
                                                   пїЅпїЅ n-пїЅпїЅпїЅпїЅпїЅп...

You may provide a definition with
\DeclareUnicodeCharacter 


! LaTeX Error: Unicode character пїЅ (U+FFFD)
               not set up for use with LaTeX.

See the LaTeX manual or LaTeX Companion for explanation.
Type  H <return>  for immediate help.
 ...                                              
                                                  
l.50 ...ЅпїЅпїЅпїЅпїЅ пїЅпїЅпїЅпїЅпїЅпїЅпїЅпїЅ пїЅ
                                                  пїЅ n-пїЅпїЅпїЅпїЅпїЅпїЅпї...

You may provide a definition with
\DeclareUnicodeCharacter 


! LaTeX Error: Unicode character пїЅ (U+FFFD)
               not set up for use with LaTeX.

See the LaTeX manual or LaTeX Companion for explanation.
Type  H <return>  for immediate help.
 ...                                              
                                                  
l.50 ...ЅпїЅпїЅпїЅ пїЅпїЅпїЅпїЅпїЅпїЅпїЅпїЅ пїЅпїЅ
                                                   n-пїЅпїЅпїЅпїЅпїЅпїЅпїЅпї...

You may provide a definition with
\DeclareUnicodeCharacter 


! LaTeX Error: Unicode character пїЅ (U+FFFD)
               not set up for use with LaTeX.

See the LaTeX manual or LaTeX Companion for explanation.
Type  H <return>  for immediate help.
 ...                                              
                                                  
l.50 ...ЅпїЅ пїЅпїЅпїЅпїЅпїЅпїЅпїЅпїЅ пїЅпїЅ n-пїЅ
                                                  пїЅпїЅпїЅпїЅпїЅпїЅпїЅпїЅпї...

You may provide a definition with
\DeclareUnicodeCharacter 


! LaTeX Error: Unicode character пїЅ (U+FFFD)
               not set up for use with LaTeX.

See the LaTeX manual or LaTeX Companion for explanation.
Type  H <return>  for immediate help.
 ...                                              
                                                  
l.50 ...Ѕ пїЅпїЅпїЅпїЅпїЅпїЅпїЅпїЅ пїЅпїЅ n-пїЅпїЅ
                                                  пїЅпїЅпїЅпїЅпїЅпїЅпїЅпїЅ п...

You may provide a definition with
\DeclareUnicodeCharacter 


! LaTeX Error: Unicode character пїЅ (U+FFFD)
               not set up for use with LaTeX.

See the LaTeX manual or LaTeX Companion for explanation.
Type  H <return>  for immediate help.
 ...                                              
                                                  
l.50 ...їЅпїЅпїЅпїЅпїЅпїЅпїЅпїЅ пїЅпїЅ n-пїЅпїЅпїЅ
                                                  пїЅпїЅпїЅпїЅпїЅпїЅпїЅ пїЅп...

You may provide a definition with
\DeclareUnicodeCharacter 


! LaTeX Error: Unicode character пїЅ (U+FFFD)
               not set up for use with LaTeX.

See the LaTeX manual or LaTeX Companion for explanation.
Type  H <return>  for immediate help.
 ...                                              
                                                  
l.50 ...їЅпїЅпїЅпїЅпїЅпїЅпїЅ пїЅпїЅ n-пїЅпїЅпїЅпїЅ
                                                  пїЅпїЅпїЅпїЅпїЅпїЅ пїЅпїЅп...

You may provide a definition with
\DeclareUnicodeCharacter 


! LaTeX Error: Unicode character пїЅ (U+FFFD)
               not set up for use with LaTeX.

See the LaTeX manual or LaTeX Companion for explanation.
Type  H <return>  for immediate help.
 ...                                              
                                                  
l.50 ...їЅпїЅпїЅпїЅпїЅпїЅ пїЅпїЅ n-пїЅпїЅпїЅпїЅпїЅ
                                                  пїЅпїЅпїЅпїЅпїЅ пїЅпїЅпїЅп...

You may provide a definition with
\DeclareUnicodeCharacter 


! LaTeX Error: Unicode character пїЅ (U+FFFD)
               not set up for use with LaTeX.

See the LaTeX manual or LaTeX Companion for explanation.
Type  H <return>  for immediate help.
 ...                                              
                                                  
l.50 ...їЅпїЅпїЅпїЅпїЅ пїЅпїЅ n-пїЅпїЅпїЅпїЅпїЅпїЅ
                                                  пїЅпїЅпїЅпїЅ пїЅпїЅпїЅпїЅп...

You may provide a definition with
\DeclareUnicodeCharacter 


! LaTeX Error: Unicode character пїЅ (U+FFFD)
               not set up for use with LaTeX.

See the LaTeX manual or LaTeX Companion for explanation.
Type  H <return>  for immediate help.
 ...                                              
                                                  
l.50 ...їЅпїЅпїЅпїЅ пїЅпїЅ n-пїЅпїЅпїЅпїЅпїЅпїЅпїЅ
                                                  пїЅпїЅпїЅ пїЅпїЅпїЅпїЅпїЅп...

You may provide a definition with
\DeclareUnicodeCharacter 


! LaTeX Error: Unicode character пїЅ (U+FFFD)
               not set up for use with LaTeX.

See the LaTeX manual or LaTeX Companion for explanation.
Type  H <return>  for immediate help.
 ...                                              
                                                  
l.50 ...їЅпїЅпїЅ пїЅпїЅ n-пїЅпїЅпїЅпїЅпїЅпїЅпїЅпїЅ
                                                  пїЅпїЅ пїЅпїЅпїЅпїЅпїЅпїЅп...

You may provide a definition with
\DeclareUnicodeCharacter 


! LaTeX Error: Unicode character пїЅ (U+FFFD)
               not set up for use with LaTeX.

See the LaTeX manual or LaTeX Companion for explanation.
Type  H <return>  for immediate help.
 ...                                              
                                                  
l.50 ...їЅпїЅ пїЅпїЅ n-пїЅпїЅпїЅпїЅпїЅпїЅпїЅпїЅпїЅ
                                                  пїЅ пїЅпїЅпїЅпїЅпїЅпїЅпїЅ,...

You may provide a definition with
\DeclareUnicodeCharacter 


! LaTeX Error: Unicode character пїЅ (U+FFFD)
               not set up for use with LaTeX.

See the LaTeX manual or LaTeX Companion for explanation.
Type  H <return>  for immediate help.
 ...                                              
                                                  
l.50 ...їЅ пїЅпїЅ n-пїЅпїЅпїЅпїЅпїЅпїЅпїЅпїЅпїЅпїЅ
                                                   пїЅпїЅпїЅпїЅпїЅпїЅпїЅ, пї...

You may provide a definition with
\DeclareUnicodeCharacter 


! LaTeX Error: Unicode character пїЅ (U+FFFD)
               not set up for use with LaTeX.

See the LaTeX manual or LaTeX Companion for explanation.
Type  H <return>  for immediate help.
 ...                                              
                                                  
l.50 ...їЅпїЅ n-пїЅпїЅпїЅпїЅпїЅпїЅпїЅпїЅпїЅпїЅ пїЅ
                                                  пїЅпїЅпїЅпїЅпїЅпїЅ, пїЅпїЅ...

You may provide a definition with
\DeclareUnicodeCharacter 


! LaTeX Error: Unicode character пїЅ (U+FFFD)
               not set up for use with LaTeX.

See the LaTeX manual or LaTeX Companion for explanation.
Type  H <return>  for immediate help.
 ...                                              
                                                  
l.50 ...їЅ n-пїЅпїЅпїЅпїЅпїЅпїЅпїЅпїЅпїЅпїЅ пїЅпїЅ
                                                  пїЅпїЅпїЅпїЅпїЅ, пїЅпїЅ пї...

You may provide a definition with
\DeclareUnicodeCharacter 


! LaTeX Error: Unicode character пїЅ (U+FFFD)
               not set up for use with LaTeX.

See the LaTeX manual or LaTeX Companion for explanation.
Type  H <return>  for immediate help.
 ...                                              
                                                  
l.50 ...n-пїЅпїЅпїЅпїЅпїЅпїЅпїЅпїЅпїЅпїЅ пїЅпїЅпїЅ
                                                  пїЅпїЅпїЅпїЅ, пїЅпїЅ пїЅпї...

You may provide a definition with
\DeclareUnicodeCharacter 


! LaTeX Error: Unicode character пїЅ (U+FFFD)
               not set up for use with LaTeX.

See the LaTeX manual or LaTeX Companion for explanation.
Type  H <return>  for immediate help.
 ...                                              
                                                  
l.50 ...їЅпїЅпїЅпїЅпїЅпїЅпїЅпїЅпїЅпїЅ пїЅпїЅпїЅпїЅ
                                                  пїЅпїЅпїЅ, пїЅпїЅ пїЅпїЅпї...

You may provide a definition with
\DeclareUnicodeCharacter 


! LaTeX Error: Unicode character пїЅ (U+FFFD)
               not set up for use with LaTeX.

See the LaTeX manual or LaTeX Companion for explanation.
Type  H <return>  for immediate help.
 ...                                              
                                                  
l.50 ...їЅпїЅпїЅпїЅпїЅпїЅпїЅпїЅпїЅ пїЅпїЅпїЅпїЅпїЅ
                                                  пїЅпїЅ, пїЅпїЅ пїЅпїЅпїЅпї...

You may provide a definition with
\DeclareUnicodeCharacter 


! LaTeX Error: Unicode character пїЅ (U+FFFD)
               not set up for use with LaTeX.

See the LaTeX manual or LaTeX Companion for explanation.
Type  H <return>  for immediate help.
 ...                                              
                                                  
l.50 ...їЅпїЅпїЅпїЅпїЅпїЅпїЅпїЅ пїЅпїЅпїЅпїЅпїЅпїЅ
                                                  пїЅ, пїЅпїЅ пїЅпїЅпїЅпїЅпї...

You may provide a definition with
\DeclareUnicodeCharacter 


! LaTeX Error: Unicode character пїЅ (U+FFFD)
               not set up for use with LaTeX.

See the LaTeX manual or LaTeX Companion for explanation.
Type  H <return>  for immediate help.
 ...                                              
                                                  
l.50 ...їЅпїЅпїЅпїЅпїЅпїЅпїЅ пїЅпїЅпїЅпїЅпїЅпїЅпїЅ
                                                  , пїЅпїЅ пїЅпїЅпїЅпїЅпїЅпї...

You may provide a definition with
\DeclareUnicodeCharacter 


! LaTeX Error: Unicode character пїЅ (U+FFFD)
               not set up for use with LaTeX.

See the LaTeX manual or LaTeX Companion for explanation.
Type  H <return>  for immediate help.
 ...                                              
                                                  
l.50 ...пїЅпїЅпїЅпїЅпїЅ пїЅпїЅпїЅпїЅпїЅпїЅпїЅ, пїЅ
                                                  пїЅ пїЅпїЅпїЅпїЅпїЅпїЅпїЅп...

You may provide a definition with
\DeclareUnicodeCharacter 


! LaTeX Error: Unicode character пїЅ (U+FFFD)
               not set up for use with LaTeX.

See the LaTeX manual or LaTeX Companion for explanation.
Type  H <return>  for immediate help.
 ...                                              
                                                  
l.50 ...пїЅпїЅпїЅпїЅ пїЅпїЅпїЅпїЅпїЅпїЅпїЅ, пїЅпїЅ
                                                   пїЅпїЅпїЅпїЅпїЅпїЅпїЅпїЅп...

You may provide a definition with
\DeclareUnicodeCharacter 


! LaTeX Error: Unicode character пїЅ (U+FFFD)
               not set up for use with LaTeX.

See the LaTeX manual or LaTeX Companion for explanation.
Type  H <return>  for immediate help.
 ...                                              
                                                  
l.50 ...їЅпїЅпїЅ пїЅпїЅпїЅпїЅпїЅпїЅпїЅ, пїЅпїЅ пїЅ
                                                  пїЅпїЅпїЅпїЅпїЅпїЅпїЅпїЅпї...

You may provide a definition with
\DeclareUnicodeCharacter 


! LaTeX Error: Unicode character пїЅ (U+FFFD)
               not set up for use with LaTeX.

See the LaTeX manual or LaTeX Companion for explanation.
Type  H <return>  for immediate help.
 ...                                              
                                                  
l.50 ...їЅпїЅ пїЅпїЅпїЅпїЅпїЅпїЅпїЅ, пїЅпїЅ пїЅпїЅ
                                                  пїЅпїЅпїЅпїЅпїЅпїЅпїЅпїЅпї...

You may provide a definition with
\DeclareUnicodeCharacter 


! LaTeX Error: Unicode character пїЅ (U+FFFD)
               not set up for use with LaTeX.

See the LaTeX manual or LaTeX Companion for explanation.
Type  H <return>  for immediate help.
 ...                                              
                                                  
l.50 ...їЅ пїЅпїЅпїЅпїЅпїЅпїЅпїЅ, пїЅпїЅ пїЅпїЅпїЅ
                                                  пїЅпїЅпїЅпїЅпїЅпїЅпїЅпїЅпї...

You may provide a definition with
\DeclareUnicodeCharacter 


! LaTeX Error: Unicode character пїЅ (U+FFFD)
               not set up for use with LaTeX.

See the LaTeX manual or LaTeX Companion for explanation.
Type  H <return>  for immediate help.
 ...                                              
                                                  
l.50 ...пїЅпїЅпїЅпїЅпїЅпїЅпїЅ, пїЅпїЅ пїЅпїЅпїЅпїЅ
                                                  пїЅпїЅпїЅпїЅпїЅпїЅпїЅпїЅпї...

You may provide a definition with
\DeclareUnicodeCharacter 


! LaTeX Error: Unicode character пїЅ (U+FFFD)
               not set up for use with LaTeX.

See the LaTeX manual or LaTeX Companion for explanation.
Type  H <return>  for immediate help.
 ...                                              
                                                  
l.50 ...пїЅпїЅпїЅпїЅпїЅпїЅ, пїЅпїЅ пїЅпїЅпїЅпїЅпїЅ
                                                  пїЅпїЅпїЅпїЅпїЅпїЅпїЅпїЅ п...

You may provide a definition with
\DeclareUnicodeCharacter 


! LaTeX Error: Unicode character пїЅ (U+FFFD)
               not set up for use with LaTeX.

See the LaTeX manual or LaTeX Companion for explanation.
Type  H <return>  for immediate help.
 ...                                              
                                                  
l.50 ...пїЅпїЅпїЅпїЅпїЅ, пїЅпїЅ пїЅпїЅпїЅпїЅпїЅпїЅ
                                                  пїЅпїЅпїЅпїЅпїЅпїЅпїЅ пїЅп...

You may provide a definition with
\DeclareUnicodeCharacter 


! LaTeX Error: Unicode character пїЅ (U+FFFD)
               not set up for use with LaTeX.

See the LaTeX manual or LaTeX Companion for explanation.
Type  H <return>  for immediate help.
 ...                                              
                                                  
l.50 ...пїЅпїЅпїЅпїЅ, пїЅпїЅ пїЅпїЅпїЅпїЅпїЅпїЅпїЅ
                                                  пїЅпїЅпїЅпїЅпїЅпїЅ пїЅпїЅ ...

You may provide a definition with
\DeclareUnicodeCharacter 


! LaTeX Error: Unicode character пїЅ (U+FFFD)
               not set up for use with LaTeX.

See the LaTeX manual or LaTeX Companion for explanation.
Type  H <return>  for immediate help.
 ...                                              
                                                  
l.50 ...пїЅпїЅпїЅ, пїЅпїЅ пїЅпїЅпїЅпїЅпїЅпїЅпїЅпїЅ
                                                  пїЅпїЅпїЅпїЅпїЅ пїЅпїЅ пїЅ...

You may provide a definition with
\DeclareUnicodeCharacter 


! LaTeX Error: Unicode character пїЅ (U+FFFD)
               not set up for use with LaTeX.

See the LaTeX manual or LaTeX Companion for explanation.
Type  H <return>  for immediate help.
 ...                                              
                                                  
l.50 ...пїЅпїЅ, пїЅпїЅ пїЅпїЅпїЅпїЅпїЅпїЅпїЅпїЅпїЅ
                                                  пїЅпїЅпїЅпїЅ пїЅпїЅ пїЅпїЅ...

You may provide a definition with
\DeclareUnicodeCharacter 


! LaTeX Error: Unicode character пїЅ (U+FFFD)
               not set up for use with LaTeX.

See the LaTeX manual or LaTeX Companion for explanation.
Type  H <return>  for immediate help.
 ...                                              
                                                  
l.50 ...пїЅ, пїЅпїЅ пїЅпїЅпїЅпїЅпїЅпїЅпїЅпїЅпїЅпїЅ
                                                  пїЅпїЅпїЅ пїЅпїЅ пїЅпїЅпїЅ...

You may provide a definition with
\DeclareUnicodeCharacter 


! LaTeX Error: Unicode character пїЅ (U+FFFD)
               not set up for use with LaTeX.

See the LaTeX manual or LaTeX Companion for explanation.
Type  H <return>  for immediate help.
 ...                                              
                                                  
l.50 ..., пїЅпїЅ пїЅпїЅпїЅпїЅпїЅпїЅпїЅпїЅпїЅпїЅпїЅ
                                                  пїЅпїЅ пїЅпїЅ пїЅпїЅпїЅпїЅ...

You may provide a definition with
\DeclareUnicodeCharacter 


! LaTeX Error: Unicode character пїЅ (U+FFFD)
               not set up for use with LaTeX.

See the LaTeX manual or LaTeX Companion for explanation.
Type  H <return>  for immediate help.
 ...                                              
                                                  
l.50 ...їЅпїЅ пїЅпїЅпїЅпїЅпїЅпїЅпїЅпїЅпїЅпїЅпїЅпїЅ
                                                  пїЅ пїЅпїЅ пїЅпїЅпїЅпїЅпїЅ...

You may provide a definition with
\DeclareUnicodeCharacter 


! LaTeX Error: Unicode character пїЅ (U+FFFD)
               not set up for use with LaTeX.

See the LaTeX manual or LaTeX Companion for explanation.
Type  H <return>  for immediate help.
 ...                                              
                                                  
l.50 ...їЅ пїЅпїЅпїЅпїЅпїЅпїЅпїЅпїЅпїЅпїЅпїЅпїЅпїЅ
                                                   пїЅпїЅ пїЅпїЅпїЅпїЅпїЅпїЅ...

You may provide a definition with
\DeclareUnicodeCharacter 


! LaTeX Error: Unicode character пїЅ (U+FFFD)
               not set up for use with LaTeX.

See the LaTeX manual or LaTeX Companion for explanation.
Type  H <return>  for immediate help.
 ...                                              
                                                  
l.50 ...їЅпїЅпїЅпїЅпїЅпїЅпїЅпїЅпїЅпїЅпїЅпїЅпїЅ пїЅ
                                                  пїЅ пїЅпїЅпїЅпїЅпїЅпїЅпїЅп...

You may provide a definition with
\DeclareUnicodeCharacter 


! LaTeX Error: Unicode character пїЅ (U+FFFD)
               not set up for use with LaTeX.

See the LaTeX manual or LaTeX Companion for explanation.
Type  H <return>  for immediate help.
 ...                                              
                                                  
l.50 ...їЅпїЅпїЅпїЅпїЅпїЅпїЅпїЅпїЅпїЅпїЅпїЅ пїЅпїЅ
                                                   пїЅпїЅпїЅпїЅпїЅпїЅпїЅпїЅп...

You may provide a definition with
\DeclareUnicodeCharacter 


! LaTeX Error: Unicode character пїЅ (U+FFFD)
               not set up for use with LaTeX.

See the LaTeX manual or LaTeX Companion for explanation.
Type  H <return>  for immediate help.
 ...                                              
                                                  
l.50 ...ЅпїЅпїЅпїЅпїЅпїЅпїЅпїЅпїЅпїЅпїЅ пїЅпїЅ пїЅ
                                                  пїЅпїЅпїЅпїЅпїЅпїЅпїЅпїЅпї...

You may provide a definition with
\DeclareUnicodeCharacter 


! LaTeX Error: Unicode character пїЅ (U+FFFD)
               not set up for use with LaTeX.

See the LaTeX manual or LaTeX Companion for explanation.
Type  H <return>  for immediate help.
 ...                                              
                                                  
l.50 ...ЅпїЅпїЅпїЅпїЅпїЅпїЅпїЅпїЅпїЅ пїЅпїЅ пїЅпїЅ
                                                  пїЅпїЅпїЅпїЅпїЅпїЅпїЅпїЅпї...

You may provide a definition with
\DeclareUnicodeCharacter 


! LaTeX Error: Unicode character пїЅ (U+FFFD)
               not set up for use with LaTeX.

See the LaTeX manual or LaTeX Companion for explanation.
Type  H <return>  for immediate help.
 ...                                              
                                                  
l.50 ...ЅпїЅпїЅпїЅпїЅпїЅпїЅпїЅпїЅ пїЅпїЅ пїЅпїЅпїЅ
                                                  пїЅпїЅпїЅпїЅпїЅпїЅпїЅпїЅпїЅ
You may provide a definition with
\DeclareUnicodeCharacter 


! LaTeX Error: Unicode character пїЅ (U+FFFD)
               not set up for use with LaTeX.

See the LaTeX manual or LaTeX Companion for explanation.
Type  H <return>  for immediate help.
 ...                                              
                                                  
l.50 ...ЅпїЅпїЅпїЅпїЅпїЅпїЅпїЅ пїЅпїЅ пїЅпїЅпїЅпїЅ
                                                  пїЅпїЅпїЅпїЅпїЅпїЅпїЅпїЅ
You may provide a definition with
\DeclareUnicodeCharacter 


! LaTeX Error: Unicode character пїЅ (U+FFFD)
               not set up for use with LaTeX.

See the LaTeX manual or LaTeX Companion for explanation.
Type  H <return>  for immediate help.
 ...                                              
                                                  
l.50 ...ЅпїЅпїЅпїЅпїЅпїЅпїЅ пїЅпїЅ пїЅпїЅпїЅпїЅпїЅ
                                                  пїЅпїЅпїЅпїЅпїЅпїЅпїЅ
You may provide a definition with
\DeclareUnicodeCharacter 


! LaTeX Error: Unicode character пїЅ (U+FFFD)
               not set up for use with LaTeX.

See the LaTeX manual or LaTeX Companion for explanation.
Type  H <return>  for immediate help.
 ...                                              
                                                  
l.50 ...ЅпїЅпїЅпїЅпїЅпїЅ пїЅпїЅ пїЅпїЅпїЅпїЅпїЅпїЅ
                                                  пїЅпїЅпїЅпїЅпїЅпїЅ
You may provide a definition with
\DeclareUnicodeCharacter 


! LaTeX Error: Unicode character пїЅ (U+FFFD)
               not set up for use with LaTeX.

See the LaTeX manual or LaTeX Companion for explanation.
Type  H <return>  for immediate help.
 ...                                              
                                                  
l.50 ...ЅпїЅпїЅпїЅпїЅ пїЅпїЅ пїЅпїЅпїЅпїЅпїЅпїЅпїЅ
                                                  пїЅпїЅпїЅпїЅпїЅ
You may provide a definition with
\DeclareUnicodeCharacter 


! LaTeX Error: Unicode character пїЅ (U+FFFD)
               not set up for use with LaTeX.

See the LaTeX manual or LaTeX Companion for explanation.
Type  H <return>  for immediate help.
 ...                                              
                                                  
l.50 ...ЅпїЅпїЅпїЅ пїЅпїЅ пїЅпїЅпїЅпїЅпїЅпїЅпїЅпїЅ
                                                  пїЅпїЅпїЅпїЅ
You may provide a definition with
\DeclareUnicodeCharacter 


! LaTeX Error: Unicode character пїЅ (U+FFFD)
               not set up for use with LaTeX.

See the LaTeX manual or LaTeX Companion for explanation.
Type  H <return>  for immediate help.
 ...                                              
                                                  
l.50 ...ЅпїЅпїЅ пїЅпїЅ пїЅпїЅпїЅпїЅпїЅпїЅпїЅпїЅпїЅ
                                                  пїЅпїЅпїЅ
You may provide a definition with
\DeclareUnicodeCharacter 


! LaTeX Error: Unicode character пїЅ (U+FFFD)
               not set up for use with LaTeX.

See the LaTeX manual or LaTeX Companion for explanation.
Type  H <return>  for immediate help.
 ...                                              
                                                  
l.50 ...ЅпїЅ пїЅпїЅ пїЅпїЅпїЅпїЅпїЅпїЅпїЅпїЅпїЅпїЅ
                                                  пїЅпїЅ
You may provide a definition with
\DeclareUnicodeCharacter 


! LaTeX Error: Unicode character пїЅ (U+FFFD)
               not set up for use with LaTeX.

See the LaTeX manual or LaTeX Companion for explanation.
Type  H <return>  for immediate help.
 ...                                              
                                                  
l.50 ...Ѕ пїЅпїЅ пїЅпїЅпїЅпїЅпїЅпїЅпїЅпїЅпїЅпїЅпїЅ
                                                  пїЅ
You may provide a definition with
\DeclareUnicodeCharacter 


! LaTeX Error: Unicode character пїЅ (U+FFFD)
               not set up for use with LaTeX.

See the LaTeX manual or LaTeX Companion for explanation.
Type  H <return>  for immediate help.
 ...                                              
                                                  
l.50 ...їЅпїЅ пїЅпїЅпїЅпїЅпїЅпїЅпїЅпїЅпїЅпїЅпїЅпїЅ
                                                  
You may provide a definition with
\DeclareUnicodeCharacter 


Overfull \hbox (16.63953pt too wide) in paragraph at lines 185--200
\T2A/cmr/m/n/10.95 c[3]=0; cout<<sizeof(c)<<','<<c<<'*'; 17. Що бу-де ви-ве-де-
но за ви-ко-на-н-ня фра-гмен-ту ко-ду? c=[10,11,12,13,14];
 []

LaTeX Font Info:    Trying to load font information for T2A+cmtt on input line 
200.
(/usr/share/texlive/texmf-dist/tex/latex/cyrillic/t2acmtt.fd
File: t2acmtt.fd 2001/08/11 v1.0a Computer Modern Cyrillic font definitions
) [1

{/var/lib/texmf/fonts/map/pdftex/updmap/pdftex.map}]
! You can't use `macro parameter character #' in vertical mode.
l.278 #
       include <iostream>
Sorry, but I'm not programmed to handle this case;
I'll just pretend that you didn't ask for it.
If you're in the wrong mode, you might be able to
return to the right one by typing `I}' or `I$' or `I\par'.

! Misplaced alignment tab character &.
l.287     cout<<(f(-6) &
                        & f(0));
I can't figure out why you would want to use a tab mark
here. If you just want an ampersand, the remedy is
simple: Just type `I\&' now. But if some right brace
up above has ended a previous alignment prematurely,
you're probably due for more error messages, and you
might try typing `S' now just to see what is salvageable.

! Misplaced alignment tab character &.
l.287     cout<<(f(-6) &&
                          f(0));
I can't figure out why you would want to use a tab mark
here. If you just want an ampersand, the remedy is
simple: Just type `I\&' now. But if some right brace
up above has ended a previous alignment prematurely,
you're probably due for more error messages, and you
might try typing `S' now just to see what is salvageable.


! LaTeX Error: Unicode character пїЅ (U+FFFD)
               not set up for use with LaTeX.

See the LaTeX manual or LaTeX Companion for explanation.
Type  H <return>  for immediate help.
 ...                                              
                                                  
l.303 пїЅ
         пїЅпїЅпїЅпїЅпїЅ пїЅпїЅпїЅ пїЅпїЅпїЅпїЅпїЅ пїЅпїЅпїЅпїЅпїЅпїЅ struct...

You may provide a definition with
\DeclareUnicodeCharacter 


! LaTeX Error: Unicode character пїЅ (U+FFFD)
               not set up for use with LaTeX.

See the LaTeX manual or LaTeX Companion for explanation.
Type  H <return>  for immediate help.
 ...                                              
                                                  
l.303 пїЅпїЅ
            пїЅпїЅпїЅпїЅ пїЅпїЅпїЅ пїЅпїЅпїЅпїЅпїЅ пїЅпїЅпїЅпїЅпїЅпїЅ struct...

You may provide a definition with
\DeclareUnicodeCharacter 


! LaTeX Error: Unicode character пїЅ (U+FFFD)
               not set up for use with LaTeX.

See the LaTeX manual or LaTeX Companion for explanation.
Type  H <return>  for immediate help.
 ...                                              
                                                  
l.303 пїЅпїЅпїЅ
               пїЅпїЅпїЅ пїЅпїЅпїЅ пїЅпїЅпїЅпїЅпїЅ пїЅпїЅпїЅпїЅпїЅпїЅ struct...

You may provide a definition with
\DeclareUnicodeCharacter 


! LaTeX Error: Unicode character пїЅ (U+FFFD)
               not set up for use with LaTeX.

See the LaTeX manual or LaTeX Companion for explanation.
Type  H <return>  for immediate help.
 ...                                              
                                                  
l.303 пїЅпїЅпїЅпїЅ
                  пїЅпїЅ пїЅпїЅпїЅ пїЅпїЅпїЅпїЅпїЅ пїЅпїЅпїЅпїЅпїЅпїЅ struct...

You may provide a definition with
\DeclareUnicodeCharacter 


! LaTeX Error: Unicode character пїЅ (U+FFFD)
               not set up for use with LaTeX.

See the LaTeX manual or LaTeX Companion for explanation.
Type  H <return>  for immediate help.
 ...                                              
                                                  
l.303 пїЅпїЅпїЅпїЅпїЅ
                     пїЅ пїЅпїЅпїЅ пїЅпїЅпїЅпїЅпїЅ пїЅпїЅпїЅпїЅпїЅпїЅ struct...

You may provide a definition with
\DeclareUnicodeCharacter 


! LaTeX Error: Unicode character пїЅ (U+FFFD)
               not set up for use with LaTeX.

See the LaTeX manual or LaTeX Companion for explanation.
Type  H <return>  for immediate help.
 ...                                              
                                                  
l.303 пїЅпїЅпїЅпїЅпїЅпїЅ
                         пїЅпїЅпїЅ пїЅпїЅпїЅпїЅпїЅ пїЅпїЅпїЅпїЅпїЅпїЅ struct...

You may provide a definition with
\DeclareUnicodeCharacter 


! LaTeX Error: Unicode character пїЅ (U+FFFD)
               not set up for use with LaTeX.

See the LaTeX manual or LaTeX Companion for explanation.
Type  H <return>  for immediate help.
 ...                                              
                                                  
l.303 пїЅпїЅпїЅпїЅпїЅпїЅ пїЅ
                            пїЅпїЅ пїЅпїЅпїЅпїЅпїЅ пїЅпїЅпїЅпїЅпїЅпїЅ struct...

You may provide a definition with
\DeclareUnicodeCharacter 


! LaTeX Error: Unicode character пїЅ (U+FFFD)
               not set up for use with LaTeX.

See the LaTeX manual or LaTeX Companion for explanation.
Type  H <return>  for immediate help.
 ...                                              
                                                  
l.303 пїЅпїЅпїЅпїЅпїЅпїЅ пїЅпїЅ
                               пїЅ пїЅпїЅпїЅпїЅпїЅ пїЅпїЅпїЅпїЅпїЅпїЅ struct...

You may provide a definition with
\DeclareUnicodeCharacter 


! LaTeX Error: Unicode character пїЅ (U+FFFD)
               not set up for use with LaTeX.

See the LaTeX manual or LaTeX Companion for explanation.
Type  H <return>  for immediate help.
 ...                                              
                                                  
l.303 пїЅпїЅпїЅпїЅпїЅпїЅ пїЅпїЅпїЅ
                                   пїЅпїЅпїЅпїЅпїЅ пїЅпїЅпїЅпїЅпїЅпїЅ struct...

You may provide a definition with
\DeclareUnicodeCharacter 


! LaTeX Error: Unicode character пїЅ (U+FFFD)
               not set up for use with LaTeX.

See the LaTeX manual or LaTeX Companion for explanation.
Type  H <return>  for immediate help.
 ...                                              
                                                  
l.303 пїЅпїЅпїЅпїЅпїЅпїЅ пїЅпїЅпїЅ пїЅ
                                      пїЅпїЅпїЅпїЅ пїЅпїЅпїЅпїЅпїЅпїЅ struct...

You may provide a definition with
\DeclareUnicodeCharacter 


! LaTeX Error: Unicode character пїЅ (U+FFFD)
               not set up for use with LaTeX.

See the LaTeX manual or LaTeX Companion for explanation.
Type  H <return>  for immediate help.
 ...                                              
                                                  
l.303 пїЅпїЅпїЅпїЅпїЅпїЅ пїЅпїЅпїЅ пїЅпїЅ
                                         пїЅпїЅпїЅ пїЅпїЅпїЅпїЅпїЅпїЅ struct...

You may provide a definition with
\DeclareUnicodeCharacter 


! LaTeX Error: Unicode character пїЅ (U+FFFD)
               not set up for use with LaTeX.

See the LaTeX manual or LaTeX Companion for explanation.
Type  H <return>  for immediate help.
 ...                                              
                                                  
l.303 пїЅпїЅпїЅпїЅпїЅпїЅ пїЅпїЅпїЅ пїЅпїЅпїЅ
                                            пїЅпїЅ пїЅпїЅпїЅпїЅпїЅпїЅ struct...

You may provide a definition with
\DeclareUnicodeCharacter 


! LaTeX Error: Unicode character пїЅ (U+FFFD)
               not set up for use with LaTeX.

See the LaTeX manual or LaTeX Companion for explanation.
Type  H <return>  for immediate help.
 ...                                              
                                                  
l.303 пїЅпїЅпїЅпїЅпїЅпїЅ пїЅпїЅпїЅ пїЅпїЅпїЅпїЅ
                                               пїЅ пїЅпїЅпїЅпїЅпїЅпїЅ struct...

You may provide a definition with
\DeclareUnicodeCharacter 


! LaTeX Error: Unicode character пїЅ (U+FFFD)
               not set up for use with LaTeX.

See the LaTeX manual or LaTeX Companion for explanation.
Type  H <return>  for immediate help.
 ...                                              
                                                  
l.303 пїЅпїЅпїЅпїЅпїЅпїЅ пїЅпїЅпїЅ пїЅпїЅпїЅпїЅпїЅ
                                                   пїЅпїЅпїЅпїЅпїЅпїЅ struct...

You may provide a definition with
\DeclareUnicodeCharacter 


! LaTeX Error: Unicode character пїЅ (U+FFFD)
               not set up for use with LaTeX.

See the LaTeX manual or LaTeX Companion for explanation.
Type  H <return>  for immediate help.
 ...                                              
                                                  
l.303 ...їЅпїЅпїЅпїЅ пїЅпїЅпїЅ пїЅпїЅпїЅпїЅпїЅ пїЅ
                                                  пїЅпїЅпїЅпїЅпїЅ struct Nod...

You may provide a definition with
\DeclareUnicodeCharacter 


! LaTeX Error: Unicode character пїЅ (U+FFFD)
               not set up for use with LaTeX.

See the LaTeX manual or LaTeX Companion for explanation.
Type  H <return>  for immediate help.
 ...                                              
                                                  
l.303 ...їЅпїЅпїЅ пїЅпїЅпїЅ пїЅпїЅпїЅпїЅпїЅ пїЅпїЅ
                                                  пїЅпїЅпїЅпїЅ struct Node {...

You may provide a definition with
\DeclareUnicodeCharacter 


! LaTeX Error: Unicode character пїЅ (U+FFFD)
               not set up for use with LaTeX.

See the LaTeX manual or LaTeX Companion for explanation.
Type  H <return>  for immediate help.
 ...                                              
                                                  
l.303 ...їЅпїЅ пїЅпїЅпїЅ пїЅпїЅпїЅпїЅпїЅ пїЅпїЅпїЅ
                                                  пїЅпїЅпїЅ struct Node {int...

You may provide a definition with
\DeclareUnicodeCharacter 


! LaTeX Error: Unicode character пїЅ (U+FFFD)
               not set up for use with LaTeX.

See the LaTeX manual or LaTeX Companion for explanation.
Type  H <return>  for immediate help.
 ...                                              
                                                  
l.303 ...їЅ пїЅпїЅпїЅ пїЅпїЅпїЅпїЅпїЅ пїЅпїЅпїЅпїЅ
                                                  пїЅпїЅ struct Node {int n;...

You may provide a definition with
\DeclareUnicodeCharacter 


! LaTeX Error: Unicode character пїЅ (U+FFFD)
               not set up for use with LaTeX.

See the LaTeX manual or LaTeX Companion for explanation.
Type  H <return>  for immediate help.
 ...                                              
                                                  
l.303 ...пїЅпїЅпїЅ пїЅпїЅпїЅпїЅпїЅ пїЅпїЅпїЅпїЅпїЅ
                                                  пїЅ struct Node {int n; No...

You may provide a definition with
\DeclareUnicodeCharacter 


! LaTeX Error: Unicode character пїЅ (U+FFFD)
               not set up for use with LaTeX.

See the LaTeX manual or LaTeX Companion for explanation.
Type  H <return>  for immediate help.
 ...                                              
                                                  
l.303 ...пїЅпїЅ пїЅпїЅпїЅпїЅпїЅ пїЅпїЅпїЅпїЅпїЅпїЅ
                                                   struct Node {int n; Node ...

You may provide a definition with
\DeclareUnicodeCharacter 


! LaTeX Error: Unicode character пїЅ (U+FFFD)
               not set up for use with LaTeX.

See the LaTeX manual or LaTeX Companion for explanation.
Type  H <return>  for immediate help.
 ...                                              
                                                  
l.304 пїЅ
          пїЅпїЅпїЅпїЅпїЅпїЅ пїЅпїЅпїЅпїЅпїЅпїЅпїЅпїЅпїЅпїЅпїЅ пїЅпїЅпїЅпїЅп...

You may provide a definition with
\DeclareUnicodeCharacter 


! LaTeX Error: Unicode character пїЅ (U+FFFD)
               not set up for use with LaTeX.

See the LaTeX manual or LaTeX Companion for explanation.
Type  H <return>  for immediate help.
 ...                                              
                                                  
l.304 пїЅ пїЅ
             пїЅпїЅпїЅпїЅпїЅ пїЅпїЅпїЅпїЅпїЅпїЅпїЅпїЅпїЅпїЅпїЅ пїЅпїЅпїЅпїЅп...

You may provide a definition with
\DeclareUnicodeCharacter 


! LaTeX Error: Unicode character пїЅ (U+FFFD)
               not set up for use with LaTeX.

See the LaTeX manual or LaTeX Companion for explanation.
Type  H <return>  for immediate help.
 ...                                              
                                                  
l.304 пїЅ пїЅпїЅ
                пїЅпїЅпїЅпїЅ пїЅпїЅпїЅпїЅпїЅпїЅпїЅпїЅпїЅпїЅпїЅ пїЅпїЅпїЅпїЅп...

You may provide a definition with
\DeclareUnicodeCharacter 


! LaTeX Error: Unicode character пїЅ (U+FFFD)
               not set up for use with LaTeX.

See the LaTeX manual or LaTeX Companion for explanation.
Type  H <return>  for immediate help.
 ...                                              
                                                  
l.304 пїЅ пїЅпїЅпїЅ
                   пїЅпїЅпїЅ пїЅпїЅпїЅпїЅпїЅпїЅпїЅпїЅпїЅпїЅпїЅ пїЅпїЅпїЅпїЅп...

You may provide a definition with
\DeclareUnicodeCharacter 


! LaTeX Error: Unicode character пїЅ (U+FFFD)
               not set up for use with LaTeX.

See the LaTeX manual or LaTeX Companion for explanation.
Type  H <return>  for immediate help.
 ...                                              
                                                  
l.304 пїЅ пїЅпїЅпїЅпїЅ
                      пїЅпїЅ пїЅпїЅпїЅпїЅпїЅпїЅпїЅпїЅпїЅпїЅпїЅ пїЅпїЅпїЅпїЅп...

You may provide a definition with
\DeclareUnicodeCharacter 


! LaTeX Error: Unicode character пїЅ (U+FFFD)
               not set up for use with LaTeX.

See the LaTeX manual or LaTeX Companion for explanation.
Type  H <return>  for immediate help.
 ...                                              
                                                  
l.304 пїЅ пїЅпїЅпїЅпїЅпїЅ
                         пїЅ пїЅпїЅпїЅпїЅпїЅпїЅпїЅпїЅпїЅпїЅпїЅ пїЅпїЅпїЅпїЅп...

You may provide a definition with
\DeclareUnicodeCharacter 


! LaTeX Error: Unicode character пїЅ (U+FFFD)
               not set up for use with LaTeX.

See the LaTeX manual or LaTeX Companion for explanation.
Type  H <return>  for immediate help.
 ...                                              
                                                  
l.304 пїЅ пїЅпїЅпїЅпїЅпїЅпїЅ
                             пїЅпїЅпїЅпїЅпїЅпїЅпїЅпїЅпїЅпїЅпїЅ пїЅпїЅпїЅпїЅп...

You may provide a definition with
\DeclareUnicodeCharacter 


! LaTeX Error: Unicode character пїЅ (U+FFFD)
               not set up for use with LaTeX.

See the LaTeX manual or LaTeX Companion for explanation.
Type  H <return>  for immediate help.
 ...                                              
                                                  
l.304 пїЅ пїЅпїЅпїЅпїЅпїЅпїЅ пїЅ
                                пїЅпїЅпїЅпїЅпїЅпїЅпїЅпїЅпїЅпїЅ пїЅпїЅпїЅпїЅп...

You may provide a definition with
\DeclareUnicodeCharacter 


! LaTeX Error: Unicode character пїЅ (U+FFFD)
               not set up for use with LaTeX.

See the LaTeX manual or LaTeX Companion for explanation.
Type  H <return>  for immediate help.
 ...                                              
                                                  
l.304 пїЅ пїЅпїЅпїЅпїЅпїЅпїЅ пїЅпїЅ
                                   пїЅпїЅпїЅпїЅпїЅпїЅпїЅпїЅпїЅ пїЅпїЅпїЅпїЅп...

You may provide a definition with
\DeclareUnicodeCharacter 


! LaTeX Error: Unicode character пїЅ (U+FFFD)
               not set up for use with LaTeX.

See the LaTeX manual or LaTeX Companion for explanation.
Type  H <return>  for immediate help.
 ...                                              
                                                  
l.304 пїЅ пїЅпїЅпїЅпїЅпїЅпїЅ пїЅпїЅпїЅ
                                      пїЅпїЅпїЅпїЅпїЅпїЅпїЅпїЅ пїЅпїЅпїЅпїЅп...

You may provide a definition with
\DeclareUnicodeCharacter 


! LaTeX Error: Unicode character пїЅ (U+FFFD)
               not set up for use with LaTeX.

See the LaTeX manual or LaTeX Companion for explanation.
Type  H <return>  for immediate help.
 ...                                              
                                                  
l.304 пїЅ пїЅпїЅпїЅпїЅпїЅпїЅ пїЅпїЅпїЅпїЅ
                                         пїЅпїЅпїЅпїЅпїЅпїЅпїЅ пїЅпїЅпїЅпїЅп...

You may provide a definition with
\DeclareUnicodeCharacter 


! LaTeX Error: Unicode character пїЅ (U+FFFD)
               not set up for use with LaTeX.

See the LaTeX manual or LaTeX Companion for explanation.
Type  H <return>  for immediate help.
 ...                                              
                                                  
l.304 пїЅ пїЅпїЅпїЅпїЅпїЅпїЅ пїЅпїЅпїЅпїЅпїЅ
                                            пїЅпїЅпїЅпїЅпїЅпїЅ пїЅпїЅпїЅпїЅп...

You may provide a definition with
\DeclareUnicodeCharacter 


! LaTeX Error: Unicode character пїЅ (U+FFFD)
               not set up for use with LaTeX.

See the LaTeX manual or LaTeX Companion for explanation.
Type  H <return>  for immediate help.
 ...                                              
                                                  
l.304 пїЅ пїЅпїЅпїЅпїЅпїЅпїЅ пїЅпїЅпїЅпїЅпїЅпїЅ
                                               пїЅпїЅпїЅпїЅпїЅ пїЅпїЅпїЅпїЅп...

You may provide a definition with
\DeclareUnicodeCharacter 


! LaTeX Error: Unicode character пїЅ (U+FFFD)
               not set up for use with LaTeX.

See the LaTeX manual or LaTeX Companion for explanation.
Type  H <return>  for immediate help.
 ...                                              
                                                  
l.304 пїЅ пїЅпїЅпїЅпїЅпїЅпїЅ пїЅпїЅпїЅпїЅпїЅпїЅпїЅ
                                                  пїЅпїЅпїЅпїЅ пїЅпїЅпїЅпїЅп...

You may provide a definition with
\DeclareUnicodeCharacter 


! LaTeX Error: Unicode character пїЅ (U+FFFD)
               not set up for use with LaTeX.

See the LaTeX manual or LaTeX Companion for explanation.
Type  H <return>  for immediate help.
 ...                                              
                                                  
l.304 ...ЅпїЅпїЅпїЅпїЅпїЅ пїЅпїЅпїЅпїЅпїЅпїЅпїЅпїЅ
                                                  пїЅпїЅпїЅ пїЅпїЅпїЅпїЅпїЅп...

You may provide a definition with
\DeclareUnicodeCharacter 


! LaTeX Error: Unicode character пїЅ (U+FFFD)
               not set up for use with LaTeX.

See the LaTeX manual or LaTeX Companion for explanation.
Type  H <return>  for immediate help.
 ...                                              
                                                  
l.304 ...ЅпїЅпїЅпїЅпїЅ пїЅпїЅпїЅпїЅпїЅпїЅпїЅпїЅпїЅ
                                                  пїЅпїЅ пїЅпїЅпїЅпїЅпїЅпїЅп...

You may provide a definition with
\DeclareUnicodeCharacter 


! LaTeX Error: Unicode character пїЅ (U+FFFD)
               not set up for use with LaTeX.

See the LaTeX manual or LaTeX Companion for explanation.
Type  H <return>  for immediate help.
 ...                                              
                                                  
l.304 ...ЅпїЅпїЅпїЅ пїЅпїЅпїЅпїЅпїЅпїЅпїЅпїЅпїЅпїЅ
                                                  пїЅ пїЅпїЅпїЅпїЅпїЅпїЅпїЅп...

You may provide a definition with
\DeclareUnicodeCharacter 


! LaTeX Error: Unicode character пїЅ (U+FFFD)
               not set up for use with LaTeX.

See the LaTeX manual or LaTeX Companion for explanation.
Type  H <return>  for immediate help.
 ...                                              
                                                  
l.304 ...ЅпїЅпїЅ пїЅпїЅпїЅпїЅпїЅпїЅпїЅпїЅпїЅпїЅпїЅ
                                                   пїЅпїЅпїЅпїЅпїЅпїЅпїЅпїЅп...

You may provide a definition with
\DeclareUnicodeCharacter 


! LaTeX Error: Unicode character пїЅ (U+FFFD)
               not set up for use with LaTeX.

See the LaTeX manual or LaTeX Companion for explanation.
Type  H <return>  for immediate help.
 ...                                              
                                                  
l.304 ...пїЅ пїЅпїЅпїЅпїЅпїЅпїЅпїЅпїЅпїЅпїЅпїЅ пїЅ
                                                  пїЅпїЅпїЅпїЅпїЅпїЅпїЅпїЅ п...

You may provide a definition with
\DeclareUnicodeCharacter 


! LaTeX Error: Unicode character пїЅ (U+FFFD)
               not set up for use with LaTeX.

See the LaTeX manual or LaTeX Companion for explanation.
Type  H <return>  for immediate help.
 ...                                              
                                                  
l.304 ... пїЅпїЅпїЅпїЅпїЅпїЅпїЅпїЅпїЅпїЅпїЅ пїЅпїЅ
                                                  пїЅпїЅпїЅпїЅпїЅпїЅпїЅ пїЅп...

You may provide a definition with
\DeclareUnicodeCharacter 


! LaTeX Error: Unicode character пїЅ (U+FFFD)
               not set up for use with LaTeX.

See the LaTeX manual or LaTeX Companion for explanation.
Type  H <return>  for immediate help.
 ...                                              
                                                  
l.304 ...ЅпїЅпїЅпїЅпїЅпїЅпїЅпїЅпїЅпїЅпїЅ пїЅпїЅпїЅ
                                                  пїЅпїЅпїЅпїЅпїЅпїЅ пїЅпїЅп...

You may provide a definition with
\DeclareUnicodeCharacter 


! LaTeX Error: Unicode character пїЅ (U+FFFD)
               not set up for use with LaTeX.

See the LaTeX manual or LaTeX Companion for explanation.
Type  H <return>  for immediate help.
 ...                                              
                                                  
l.304 ...ЅпїЅпїЅпїЅпїЅпїЅпїЅпїЅпїЅпїЅ пїЅпїЅпїЅпїЅ
                                                  пїЅпїЅпїЅпїЅпїЅ пїЅпїЅпїЅ ...

You may provide a definition with
\DeclareUnicodeCharacter 


! LaTeX Error: Unicode character пїЅ (U+FFFD)
               not set up for use with LaTeX.

See the LaTeX manual or LaTeX Companion for explanation.
Type  H <return>  for immediate help.
 ...                                              
                                                  
l.304 ...ЅпїЅпїЅпїЅпїЅпїЅпїЅпїЅпїЅ пїЅпїЅпїЅпїЅпїЅ
                                                  пїЅпїЅпїЅпїЅ пїЅпїЅпїЅ пїЅ...

You may provide a definition with
\DeclareUnicodeCharacter 


! LaTeX Error: Unicode character пїЅ (U+FFFD)
               not set up for use with LaTeX.

See the LaTeX manual or LaTeX Companion for explanation.
Type  H <return>  for immediate help.
 ...                                              
                                                  
l.304 ...ЅпїЅпїЅпїЅпїЅпїЅпїЅпїЅ пїЅпїЅпїЅпїЅпїЅпїЅ
                                                  пїЅпїЅпїЅ пїЅпїЅпїЅ пїЅпїЅ...

You may provide a definition with
\DeclareUnicodeCharacter 


! LaTeX Error: Unicode character пїЅ (U+FFFD)
               not set up for use with LaTeX.

See the LaTeX manual or LaTeX Companion for explanation.
Type  H <return>  for immediate help.
 ...                                              
                                                  
l.304 ...ЅпїЅпїЅпїЅпїЅпїЅпїЅ пїЅпїЅпїЅпїЅпїЅпїЅпїЅ
                                                  пїЅпїЅ пїЅпїЅпїЅ пїЅпїЅпїЅ...

You may provide a definition with
\DeclareUnicodeCharacter 


! LaTeX Error: Unicode character пїЅ (U+FFFD)
               not set up for use with LaTeX.

See the LaTeX manual or LaTeX Companion for explanation.
Type  H <return>  for immediate help.
 ...                                              
                                                  
l.304 ...ЅпїЅпїЅпїЅпїЅпїЅ пїЅпїЅпїЅпїЅпїЅпїЅпїЅпїЅ
                                                  пїЅ пїЅпїЅпїЅ пїЅпїЅпїЅпїЅ...

You may provide a definition with
\DeclareUnicodeCharacter 


! LaTeX Error: Unicode character пїЅ (U+FFFD)
               not set up for use with LaTeX.

See the LaTeX manual or LaTeX Companion for explanation.
Type  H <return>  for immediate help.
 ...                                              
                                                  
l.304 ...ЅпїЅпїЅпїЅпїЅ пїЅпїЅпїЅпїЅпїЅпїЅпїЅпїЅпїЅ
                                                   пїЅпїЅпїЅ пїЅпїЅпїЅпїЅпїЅ...

You may provide a definition with
\DeclareUnicodeCharacter 


! LaTeX Error: Unicode character пїЅ (U+FFFD)
               not set up for use with LaTeX.

See the LaTeX manual or LaTeX Companion for explanation.
Type  H <return>  for immediate help.
 ...                                              
                                                  
l.304 ...пїЅпїЅпїЅ пїЅпїЅпїЅпїЅпїЅпїЅпїЅпїЅпїЅ пїЅ
                                                  пїЅпїЅ пїЅпїЅпїЅпїЅпїЅ пїЅ...

You may provide a definition with
\DeclareUnicodeCharacter 


! LaTeX Error: Unicode character пїЅ (U+FFFD)
               not set up for use with LaTeX.

See the LaTeX manual or LaTeX Companion for explanation.
Type  H <return>  for immediate help.
 ...                                              
                                                  
l.304 ...пїЅпїЅ пїЅпїЅпїЅпїЅпїЅпїЅпїЅпїЅпїЅ пїЅпїЅ
                                                  пїЅ пїЅпїЅпїЅпїЅпїЅ пїЅпїЅ...

You may provide a definition with
\DeclareUnicodeCharacter 


! LaTeX Error: Unicode character пїЅ (U+FFFD)
               not set up for use with LaTeX.

See the LaTeX manual or LaTeX Companion for explanation.
Type  H <return>  for immediate help.
 ...                                              
                                                  
l.304 ...пїЅ пїЅпїЅпїЅпїЅпїЅпїЅпїЅпїЅпїЅ пїЅпїЅпїЅ
                                                   пїЅпїЅпїЅпїЅпїЅ пїЅпїЅ -6...

You may provide a definition with
\DeclareUnicodeCharacter 


! LaTeX Error: Unicode character пїЅ (U+FFFD)
               not set up for use with LaTeX.

See the LaTeX manual or LaTeX Companion for explanation.
Type  H <return>  for immediate help.
 ...                                              
                                                  
l.304 ...пїЅпїЅпїЅпїЅпїЅпїЅпїЅпїЅпїЅ пїЅпїЅпїЅ пїЅ
                                                  пїЅпїЅпїЅпїЅ пїЅпїЅ -68 пї...

You may provide a definition with
\DeclareUnicodeCharacter 


! LaTeX Error: Unicode character пїЅ (U+FFFD)
               not set up for use with LaTeX.

See the LaTeX manual or LaTeX Companion for explanation.
Type  H <return>  for immediate help.
 ...                                              
                                                  
l.304 ...пїЅпїЅпїЅпїЅпїЅпїЅпїЅпїЅ пїЅпїЅпїЅ пїЅпїЅ
                                                  пїЅпїЅпїЅ пїЅпїЅ -68 пїЅпї...

You may provide a definition with
\DeclareUnicodeCharacter 


! LaTeX Error: Unicode character пїЅ (U+FFFD)
               not set up for use with LaTeX.

See the LaTeX manual or LaTeX Companion for explanation.
Type  H <return>  for immediate help.
 ...                                              
                                                  
l.304 ...пїЅпїЅпїЅпїЅпїЅпїЅпїЅ пїЅпїЅпїЅ пїЅпїЅпїЅ
                                                  пїЅпїЅ пїЅпїЅ -68 пїЅпїЅ 1...

You may provide a definition with
\DeclareUnicodeCharacter 


! LaTeX Error: Unicode character пїЅ (U+FFFD)
               not set up for use with LaTeX.

See the LaTeX manual or LaTeX Companion for explanation.
Type  H <return>  for immediate help.
 ...                                              
                                                  
l.304 ...пїЅпїЅпїЅпїЅпїЅпїЅ пїЅпїЅпїЅ пїЅпїЅпїЅпїЅ
                                                  пїЅ пїЅпїЅ -68 пїЅпїЅ 17. ...

You may provide a definition with
\DeclareUnicodeCharacter 


! LaTeX Error: Unicode character пїЅ (U+FFFD)
               not set up for use with LaTeX.

See the LaTeX manual or LaTeX Companion for explanation.
Type  H <return>  for immediate help.
 ...                                              
                                                  
l.304 ...пїЅпїЅпїЅпїЅпїЅ пїЅпїЅпїЅ пїЅпїЅпїЅпїЅпїЅ
                                                   пїЅпїЅ -68 пїЅпїЅ 17. пїЅ...

You may provide a definition with
\DeclareUnicodeCharacter 


! LaTeX Error: Unicode character пїЅ (U+FFFD)
               not set up for use with LaTeX.

See the LaTeX manual or LaTeX Companion for explanation.
Type  H <return>  for immediate help.
 ...                                              
                                                  
l.304 ...їЅпїЅпїЅпїЅ пїЅпїЅпїЅ пїЅпїЅпїЅпїЅпїЅ пїЅ
                                                  пїЅ -68 пїЅпїЅ 17. пїЅпїЅп...

You may provide a definition with
\DeclareUnicodeCharacter 


! LaTeX Error: Unicode character пїЅ (U+FFFD)
               not set up for use with LaTeX.

See the LaTeX manual or LaTeX Companion for explanation.
Type  H <return>  for immediate help.
 ...                                              
                                                  
l.304 ...їЅпїЅпїЅ пїЅпїЅпїЅ пїЅпїЅпїЅпїЅпїЅ пїЅпїЅ
                                                   -68 пїЅпїЅ 17. пїЅпїЅпїЅп...

You may provide a definition with
\DeclareUnicodeCharacter 


! LaTeX Error: Unicode character пїЅ (U+FFFD)
               not set up for use with LaTeX.

See the LaTeX manual or LaTeX Companion for explanation.
Type  H <return>  for immediate help.
 ...                                              
                                                  
l.304 ... пїЅпїЅпїЅ пїЅпїЅпїЅпїЅпїЅ пїЅпїЅ -68 пїЅ
                                                  пїЅ 17. пїЅпїЅпїЅпїЅпїЅпїЅ...

You may provide a definition with
\DeclareUnicodeCharacter 


! LaTeX Error: Unicode character пїЅ (U+FFFD)
               not set up for use with LaTeX.

See the LaTeX manual or LaTeX Companion for explanation.
Type  H <return>  for immediate help.
 ...                                              
                                                  
l.304 ...ЅпїЅпїЅ пїЅпїЅпїЅпїЅпїЅ пїЅпїЅ -68 пїЅпїЅ
                                                   17. пїЅпїЅпїЅпїЅпїЅпїЅпїЅ...

You may provide a definition with
\DeclareUnicodeCharacter 


! LaTeX Error: Unicode character пїЅ (U+FFFD)
               not set up for use with LaTeX.

See the LaTeX manual or LaTeX Companion for explanation.
Type  H <return>  for immediate help.
 ...                                              
                                                  
l.304 ...пїЅпїЅпїЅпїЅпїЅ пїЅпїЅ -68 пїЅпїЅ 17. пїЅ
                                                  пїЅпїЅпїЅпїЅпїЅпїЅпїЅ p пї...

You may provide a definition with
\DeclareUnicodeCharacter 


! LaTeX Error: Unicode character пїЅ (U+FFFD)
               not set up for use with LaTeX.

See the LaTeX manual or LaTeX Companion for explanation.
Type  H <return>  for immediate help.
 ...                                              
                                                  
l.304 ...пїЅпїЅпїЅпїЅ пїЅпїЅ -68 пїЅпїЅ 17. пїЅпїЅ
                                                  пїЅпїЅпїЅпїЅпїЅпїЅ p пїЅпї...

You may provide a definition with
\DeclareUnicodeCharacter 


! LaTeX Error: Unicode character пїЅ (U+FFFD)
               not set up for use with LaTeX.

See the LaTeX manual or LaTeX Companion for explanation.
Type  H <return>  for immediate help.
 ...                                              
                                                  
l.304 ...пїЅпїЅпїЅ пїЅпїЅ -68 пїЅпїЅ 17. пїЅпїЅпїЅ
                                                  пїЅпїЅпїЅпїЅпїЅ p пїЅпїЅпї...

You may provide a definition with
\DeclareUnicodeCharacter 


! LaTeX Error: Unicode character пїЅ (U+FFFD)
               not set up for use with LaTeX.

See the LaTeX manual or LaTeX Companion for explanation.
Type  H <return>  for immediate help.
 ...                                              
                                                  
l.304 ...пїЅпїЅ пїЅпїЅ -68 пїЅпїЅ 17. пїЅпїЅпїЅпїЅ
                                                  пїЅпїЅпїЅпїЅ p пїЅпїЅпїЅпї...

You may provide a definition with
\DeclareUnicodeCharacter 


! LaTeX Error: Unicode character пїЅ (U+FFFD)
               not set up for use with LaTeX.

See the LaTeX manual or LaTeX Companion for explanation.
Type  H <return>  for immediate help.
 ...                                              
                                                  
l.304 ...пїЅ пїЅпїЅ -68 пїЅпїЅ 17. пїЅпїЅпїЅпїЅпїЅ
                                                  пїЅпїЅпїЅ p пїЅпїЅпїЅпїЅпї...

You may provide a definition with
\DeclareUnicodeCharacter 


! LaTeX Error: Unicode character пїЅ (U+FFFD)
               not set up for use with LaTeX.

See the LaTeX manual or LaTeX Companion for explanation.
Type  H <return>  for immediate help.
 ...                                              
                                                  
l.304 ... пїЅпїЅ -68 пїЅпїЅ 17. пїЅпїЅпїЅпїЅпїЅпїЅ
                                                  пїЅпїЅ p пїЅпїЅпїЅпїЅпїЅпї...

You may provide a definition with
\DeclareUnicodeCharacter 


! LaTeX Error: Unicode character пїЅ (U+FFFD)
               not set up for use with LaTeX.

See the LaTeX manual or LaTeX Companion for explanation.
Type  H <return>  for immediate help.
 ...                                              
                                                  
l.304 ...ЅпїЅ -68 пїЅпїЅ 17. пїЅпїЅпїЅпїЅпїЅпїЅпїЅ
                                                  пїЅ p пїЅпїЅпїЅпїЅпїЅпїЅпї...

You may provide a definition with
\DeclareUnicodeCharacter 


! LaTeX Error: Unicode character пїЅ (U+FFFD)
               not set up for use with LaTeX.

See the LaTeX manual or LaTeX Companion for explanation.
Type  H <return>  for immediate help.
 ...                                              
                                                  
l.304 ...Ѕ -68 пїЅпїЅ 17. пїЅпїЅпїЅпїЅпїЅпїЅпїЅпїЅ
                                                   p пїЅпїЅпїЅпїЅпїЅпїЅпїЅпї...

You may provide a definition with
\DeclareUnicodeCharacter 


! LaTeX Error: Unicode character пїЅ (U+FFFD)
               not set up for use with LaTeX.

See the LaTeX manual or LaTeX Companion for explanation.
Type  H <return>  for immediate help.
 ...                                              
                                                  
l.304 ...пїЅпїЅ 17. пїЅпїЅпїЅпїЅпїЅпїЅпїЅпїЅ p пїЅ
                                                  пїЅпїЅпїЅпїЅпїЅпїЅпїЅпїЅпї...

You may provide a definition with
\DeclareUnicodeCharacter 


! LaTeX Error: Unicode character пїЅ (U+FFFD)
               not set up for use with LaTeX.

See the LaTeX manual or LaTeX Companion for explanation.
Type  H <return>  for immediate help.
 ...                                              
                                                  
l.304 ...пїЅ 17. пїЅпїЅпїЅпїЅпїЅпїЅпїЅпїЅ p пїЅпїЅ
                                                  пїЅпїЅпїЅпїЅпїЅпїЅпїЅпїЅпї...

You may provide a definition with
\DeclareUnicodeCharacter 


! LaTeX Error: Unicode character пїЅ (U+FFFD)
               not set up for use with LaTeX.

See the LaTeX manual or LaTeX Companion for explanation.
Type  H <return>  for immediate help.
 ...                                              
                                                  
l.304 ... 17. пїЅпїЅпїЅпїЅпїЅпїЅпїЅпїЅ p пїЅпїЅпїЅ
                                                  пїЅпїЅпїЅпїЅпїЅпїЅпїЅпїЅ п...

You may provide a definition with
\DeclareUnicodeCharacter 


! LaTeX Error: Unicode character пїЅ (U+FFFD)
               not set up for use with LaTeX.

See the LaTeX manual or LaTeX Companion for explanation.
Type  H <return>  for immediate help.
 ...                                              
                                                  
l.304 .... пїЅпїЅпїЅпїЅпїЅпїЅпїЅпїЅ p пїЅпїЅпїЅпїЅ
                                                  пїЅпїЅпїЅпїЅпїЅпїЅпїЅ пїЅп...

You may provide a definition with
\DeclareUnicodeCharacter 


! LaTeX Error: Unicode character пїЅ (U+FFFD)
               not set up for use with LaTeX.

See the LaTeX manual or LaTeX Companion for explanation.
Type  H <return>  for immediate help.
 ...                                              
                                                  
l.304 ...їЅпїЅпїЅпїЅпїЅпїЅпїЅпїЅ p пїЅпїЅпїЅпїЅпїЅ
                                                  пїЅпїЅпїЅпїЅпїЅпїЅ пїЅпїЅ ...

You may provide a definition with
\DeclareUnicodeCharacter 


! LaTeX Error: Unicode character пїЅ (U+FFFD)
               not set up for use with LaTeX.

See the LaTeX manual or LaTeX Companion for explanation.
Type  H <return>  for immediate help.
 ...                                              
                                                  
l.304 ...їЅпїЅпїЅпїЅпїЅпїЅпїЅ p пїЅпїЅпїЅпїЅпїЅпїЅ
                                                  пїЅпїЅпїЅпїЅпїЅ пїЅпїЅ пїЅ...

You may provide a definition with
\DeclareUnicodeCharacter 


! LaTeX Error: Unicode character пїЅ (U+FFFD)
               not set up for use with LaTeX.

See the LaTeX manual or LaTeX Companion for explanation.
Type  H <return>  for immediate help.
 ...                                              
                                                  
l.304 ...їЅпїЅпїЅпїЅпїЅпїЅ p пїЅпїЅпїЅпїЅпїЅпїЅпїЅ
                                                  пїЅпїЅпїЅпїЅ пїЅпїЅ пїЅпїЅ...

You may provide a definition with
\DeclareUnicodeCharacter 


! LaTeX Error: Unicode character пїЅ (U+FFFD)
               not set up for use with LaTeX.

See the LaTeX manual or LaTeX Companion for explanation.
Type  H <return>  for immediate help.
 ...                                              
                                                  
l.304 ...їЅпїЅпїЅпїЅпїЅ p пїЅпїЅпїЅпїЅпїЅпїЅпїЅпїЅ
                                                  пїЅпїЅпїЅ пїЅпїЅ пїЅпїЅпїЅ...

You may provide a definition with
\DeclareUnicodeCharacter 


! LaTeX Error: Unicode character пїЅ (U+FFFD)
               not set up for use with LaTeX.

See the LaTeX manual or LaTeX Companion for explanation.
Type  H <return>  for immediate help.
 ...                                              
                                                  
l.304 ...їЅпїЅпїЅпїЅ p пїЅпїЅпїЅпїЅпїЅпїЅпїЅпїЅпїЅ
                                                  пїЅпїЅ пїЅпїЅ пїЅпїЅпїЅпїЅ...

You may provide a definition with
\DeclareUnicodeCharacter 


! LaTeX Error: Unicode character пїЅ (U+FFFD)
               not set up for use with LaTeX.

See the LaTeX manual or LaTeX Companion for explanation.
Type  H <return>  for immediate help.
 ...                                              
                                                  
l.304 ...їЅпїЅпїЅ p пїЅпїЅпїЅпїЅпїЅпїЅпїЅпїЅпїЅпїЅ
                                                  пїЅ пїЅпїЅ пїЅпїЅпїЅпїЅпїЅ...

You may provide a definition with
\DeclareUnicodeCharacter 


! LaTeX Error: Unicode character пїЅ (U+FFFD)
               not set up for use with LaTeX.

See the LaTeX manual or LaTeX Companion for explanation.
Type  H <return>  for immediate help.
 ...                                              
                                                  
l.304 ...їЅпїЅ p пїЅпїЅпїЅпїЅпїЅпїЅпїЅпїЅпїЅпїЅпїЅ
                                                   пїЅпїЅ пїЅпїЅпїЅпїЅпїЅ, п...

You may provide a definition with
\DeclareUnicodeCharacter 


! LaTeX Error: Unicode character пїЅ (U+FFFD)
               not set up for use with LaTeX.

See the LaTeX manual or LaTeX Companion for explanation.
Type  H <return>  for immediate help.
 ...                                              
                                                  
l.304 ...Ѕ p пїЅпїЅпїЅпїЅпїЅпїЅпїЅпїЅпїЅпїЅпїЅ пїЅ
                                                  пїЅ пїЅпїЅпїЅпїЅпїЅ, пїЅ п...

You may provide a definition with
\DeclareUnicodeCharacter 


! LaTeX Error: Unicode character пїЅ (U+FFFD)
               not set up for use with LaTeX.

See the LaTeX manual or LaTeX Companion for explanation.
Type  H <return>  for immediate help.
 ...                                              
                                                  
l.304 ... пїЅпїЅпїЅпїЅпїЅпїЅпїЅпїЅпїЅпїЅпїЅ пїЅпїЅ
                                                   пїЅпїЅпїЅпїЅпїЅ, пїЅ пїЅп...

You may provide a definition with
\DeclareUnicodeCharacter 


! LaTeX Error: Unicode character пїЅ (U+FFFD)
               not set up for use with LaTeX.

See the LaTeX manual or LaTeX Companion for explanation.
Type  H <return>  for immediate help.
 ...                                              
                                                  
l.304 ...пїЅпїЅпїЅпїЅпїЅпїЅпїЅпїЅпїЅпїЅ пїЅпїЅ пїЅ
                                                  пїЅпїЅпїЅпїЅ, пїЅ пїЅпїЅпї...

You may provide a definition with
\DeclareUnicodeCharacter 


! LaTeX Error: Unicode character пїЅ (U+FFFD)
               not set up for use with LaTeX.

See the LaTeX manual or LaTeX Companion for explanation.
Type  H <return>  for immediate help.
 ...                                              
                                                  
l.304 ...пїЅпїЅпїЅпїЅпїЅпїЅпїЅпїЅпїЅ пїЅпїЅ пїЅпїЅ
                                                  пїЅпїЅпїЅ, пїЅ пїЅпїЅпїЅпї...

You may provide a definition with
\DeclareUnicodeCharacter 


! LaTeX Error: Unicode character пїЅ (U+FFFD)
               not set up for use with LaTeX.

See the LaTeX manual or LaTeX Companion for explanation.
Type  H <return>  for immediate help.
 ...                                              
                                                  
l.304 ...пїЅпїЅпїЅпїЅпїЅпїЅпїЅпїЅ пїЅпїЅ пїЅпїЅпїЅ
                                                  пїЅпїЅ, пїЅ пїЅпїЅпїЅпїЅпї...

You may provide a definition with
\DeclareUnicodeCharacter 


! LaTeX Error: Unicode character пїЅ (U+FFFD)
               not set up for use with LaTeX.

See the LaTeX manual or LaTeX Companion for explanation.
Type  H <return>  for immediate help.
 ...                                              
                                                  
l.304 ...пїЅпїЅпїЅпїЅпїЅпїЅпїЅ пїЅпїЅ пїЅпїЅпїЅпїЅ
                                                  пїЅ, пїЅ пїЅпїЅпїЅпїЅпїЅ п...

You may provide a definition with
\DeclareUnicodeCharacter 


! LaTeX Error: Unicode character пїЅ (U+FFFD)
               not set up for use with LaTeX.

See the LaTeX manual or LaTeX Companion for explanation.
Type  H <return>  for immediate help.
 ...                                              
                                                  
l.304 ...пїЅпїЅпїЅпїЅпїЅпїЅ пїЅпїЅ пїЅпїЅпїЅпїЅпїЅ
                                                  , пїЅ пїЅпїЅпїЅпїЅпїЅ пїЅп...

You may provide a definition with
\DeclareUnicodeCharacter 


! LaTeX Error: Unicode character пїЅ (U+FFFD)
               not set up for use with LaTeX.

See the LaTeX manual or LaTeX Companion for explanation.
Type  H <return>  for immediate help.
 ...                                              
                                                  
l.304 ...ЅпїЅпїЅпїЅпїЅ пїЅпїЅ пїЅпїЅпїЅпїЅпїЅ, пїЅ
                                                   пїЅпїЅпїЅпїЅпїЅ пїЅпїЅпїЅ...

You may provide a definition with
\DeclareUnicodeCharacter 


! LaTeX Error: Unicode character пїЅ (U+FFFD)
               not set up for use with LaTeX.

See the LaTeX manual or LaTeX Companion for explanation.
Type  H <return>  for immediate help.
 ...                                              
                                                  
l.304 ...пїЅпїЅпїЅ пїЅпїЅ пїЅпїЅпїЅпїЅпїЅ, пїЅ пїЅ
                                                  пїЅпїЅпїЅпїЅ пїЅпїЅпїЅпїЅп...

You may provide a definition with
\DeclareUnicodeCharacter 


! LaTeX Error: Unicode character пїЅ (U+FFFD)
               not set up for use with LaTeX.

See the LaTeX manual or LaTeX Companion for explanation.
Type  H <return>  for immediate help.
 ...                                              
                                                  
l.304 ...пїЅпїЅ пїЅпїЅ пїЅпїЅпїЅпїЅпїЅ, пїЅ пїЅпїЅ
                                                  пїЅпїЅпїЅ пїЅпїЅпїЅпїЅпїЅп...

You may provide a definition with
\DeclareUnicodeCharacter 


! LaTeX Error: Unicode character пїЅ (U+FFFD)
               not set up for use with LaTeX.

See the LaTeX manual or LaTeX Companion for explanation.
Type  H <return>  for immediate help.
 ...                                              
                                                  
l.304 ...пїЅ пїЅпїЅ пїЅпїЅпїЅпїЅпїЅ, пїЅ пїЅпїЅпїЅ
                                                  пїЅпїЅ пїЅпїЅпїЅпїЅпїЅпїЅп...

You may provide a definition with
\DeclareUnicodeCharacter 


! LaTeX Error: Unicode character пїЅ (U+FFFD)
               not set up for use with LaTeX.

See the LaTeX manual or LaTeX Companion for explanation.
Type  H <return>  for immediate help.
 ...                                              
                                                  
l.304 ... пїЅпїЅ пїЅпїЅпїЅпїЅпїЅ, пїЅ пїЅпїЅпїЅпїЅ
                                                  пїЅ пїЅпїЅпїЅпїЅпїЅпїЅпїЅп...

You may provide a definition with
\DeclareUnicodeCharacter 


! LaTeX Error: Unicode character пїЅ (U+FFFD)
               not set up for use with LaTeX.

See the LaTeX manual or LaTeX Companion for explanation.
Type  H <return>  for immediate help.
 ...                                              
                                                  
l.304 ...ЅпїЅ пїЅпїЅпїЅпїЅпїЅ, пїЅ пїЅпїЅпїЅпїЅпїЅ
                                                   пїЅпїЅпїЅпїЅпїЅпїЅпїЅпїЅп...

You may provide a definition with
\DeclareUnicodeCharacter 


! LaTeX Error: Unicode character пїЅ (U+FFFD)
               not set up for use with LaTeX.

See the LaTeX manual or LaTeX Companion for explanation.
Type  H <return>  for immediate help.
 ...                                              
                                                  
l.304 ... пїЅпїЅпїЅпїЅпїЅ, пїЅ пїЅпїЅпїЅпїЅпїЅ пїЅ
                                                  пїЅпїЅпїЅпїЅпїЅпїЅпїЅпїЅпї...

You may provide a definition with
\DeclareUnicodeCharacter 


! LaTeX Error: Unicode character пїЅ (U+FFFD)
               not set up for use with LaTeX.

See the LaTeX manual or LaTeX Companion for explanation.
Type  H <return>  for immediate help.
 ...                                              
                                                  
l.304 ...ЅпїЅпїЅпїЅпїЅ, пїЅ пїЅпїЅпїЅпїЅпїЅ пїЅпїЅ
                                                  пїЅпїЅпїЅпїЅпїЅпїЅпїЅпїЅ п...

You may provide a definition with
\DeclareUnicodeCharacter 


! LaTeX Error: Unicode character пїЅ (U+FFFD)
               not set up for use with LaTeX.

See the LaTeX manual or LaTeX Companion for explanation.
Type  H <return>  for immediate help.
 ...                                              
                                                  
l.304 ...ЅпїЅпїЅпїЅ, пїЅ пїЅпїЅпїЅпїЅпїЅ пїЅпїЅпїЅ
                                                  пїЅпїЅпїЅпїЅпїЅпїЅпїЅ пїЅп...

You may provide a definition with
\DeclareUnicodeCharacter 


! LaTeX Error: Unicode character пїЅ (U+FFFD)
               not set up for use with LaTeX.

See the LaTeX manual or LaTeX Companion for explanation.
Type  H <return>  for immediate help.
 ...                                              
                                                  
l.304 ...ЅпїЅпїЅ, пїЅ пїЅпїЅпїЅпїЅпїЅ пїЅпїЅпїЅпїЅ
                                                  пїЅпїЅпїЅпїЅпїЅпїЅ пїЅпїЅп...

You may provide a definition with
\DeclareUnicodeCharacter 


! LaTeX Error: Unicode character пїЅ (U+FFFD)
               not set up for use with LaTeX.

See the LaTeX manual or LaTeX Companion for explanation.
Type  H <return>  for immediate help.
 ...                                              
                                                  
l.304 ...ЅпїЅ, пїЅ пїЅпїЅпїЅпїЅпїЅ пїЅпїЅпїЅпїЅпїЅ
                                                  пїЅпїЅпїЅпїЅпїЅ пїЅпїЅпїЅп...

You may provide a definition with
\DeclareUnicodeCharacter 


! LaTeX Error: Unicode character пїЅ (U+FFFD)
               not set up for use with LaTeX.

See the LaTeX manual or LaTeX Companion for explanation.
Type  H <return>  for immediate help.
 ...                                              
                                                  
l.304 ...Ѕ, пїЅ пїЅпїЅпїЅпїЅпїЅ пїЅпїЅпїЅпїЅпїЅпїЅ
                                                  пїЅпїЅпїЅпїЅ пїЅпїЅпїЅпїЅп...

You may provide a definition with
\DeclareUnicodeCharacter 


! LaTeX Error: Unicode character пїЅ (U+FFFD)
               not set up for use with LaTeX.

See the LaTeX manual or LaTeX Companion for explanation.
Type  H <return>  for immediate help.
 ...                                              
                                                  
l.304 ...пїЅ пїЅпїЅпїЅпїЅпїЅ пїЅпїЅпїЅпїЅпїЅпїЅпїЅ
                                                  пїЅпїЅпїЅ пїЅпїЅпїЅпїЅпїЅ -6.

You may provide a definition with
\DeclareUnicodeCharacter 


! LaTeX Error: Unicode character пїЅ (U+FFFD)
               not set up for use with LaTeX.

See the LaTeX manual or LaTeX Companion for explanation.
Type  H <return>  for immediate help.
 ...                                              
                                                  
l.304 ... пїЅпїЅпїЅпїЅпїЅ пїЅпїЅпїЅпїЅпїЅпїЅпїЅпїЅ
                                                  пїЅпїЅ пїЅпїЅпїЅпїЅпїЅ -6.
You may provide a definition with
\DeclareUnicodeCharacter 


! LaTeX Error: Unicode character пїЅ (U+FFFD)
               not set up for use with LaTeX.

See the LaTeX manual or LaTeX Companion for explanation.
Type  H <return>  for immediate help.
 ...                                              
                                                  
l.304 ...ЅпїЅпїЅпїЅпїЅ пїЅпїЅпїЅпїЅпїЅпїЅпїЅпїЅпїЅ
                                                  пїЅ пїЅпїЅпїЅпїЅпїЅ -6.
(That makes 100 errors; please try again.) 
Here is how much of TeX's memory you used:
 3887 strings out of 477525
 63469 string characters out of 5832490
 1858330 words of memory out of 5000000
 24021 multiletter control sequences out of 15000+600000
 519469 words of font info for 47 fonts, out of 8000000 for 9000
 430 hyphenation exceptions out of 8191
 57i,6n,62p,306b,361s stack positions out of 10000i,1000n,20000p,200000b,200000s

!  ==> Fatal error occurred, no output PDF file produced!
